<html>
<body>
<pre>
<h1>µVision Build Log</h1>
<h2>Tool Versions:</h2>
IDE-Version: ¦ÌVision V5.26.2.0
Copyright (C) 2018 ARM Ltd and ARM Germany GmbH. All rights reserved.
License Information: jinxiong Administrator, power, LIC=9WS74-FFSAS-DKLBN-YB1UA-QH6EP-FN8ZF
 
Tool Versions:
Toolchain:       MDK-ARM Plus  Version: 5.26.2.0
Toolchain Path:  D:\mdk526\ARM\ARMCC\Bin
C Compiler:      Armcc.exe V5.06 update 6 (build 750)
Assembler:       Armasm.exe V5.06 update 6 (build 750)
Linker/Locator:  ArmLink.exe V5.06 update 6 (build 750)
Library Manager: ArmAr.exe V5.06 update 6 (build 750)
Hex Converter:   FromElf.exe V5.06 update 6 (build 750)
CPU DLL:         SARMCM3.DLL V5.26.2.0
Dialog DLL:      DCM.DLL V1.17.2.0
Target DLL:      STLink\ST-LINKIII-KEIL_SWO.dll V3.0.5.0
Dialog DLL:      TCM.DLL V1.36.1.0
 
<h2>Project:</h2>
F:\TencentOS tiny\g431_tos\MDK-ARM\g431_tos.uvprojx
Project File Date:  09/06/2020

<h2>Output:</h2>
*** Using Compiler 'V5.06 update 6 (build 750)', folder: 'D:\mdk526\ARM\ARMCC\Bin'
Rebuild target 'g431_tos'
assembling startup_stm32g431xx.s...
compiling main.c...
compiling gpio.c...
compiling usart.c...
compiling sys.c...
compiling tim.c...
compiling stm32g4xx_it.c...
compiling stm32g4xx_hal_msp.c...
compiling stm32g4xx_hal_gpio.c...
compiling stm32g4xx_hal_uart.c...
compiling stm32g4xx_hal_uart_ex.c...
compiling stm32g4xx_hal.c...
compiling stm32g4xx_hal_rcc.c...
compiling stm32g4xx_hal_rcc_ex.c...
compiling stm32g4xx_hal_flash.c...
compiling stm32g4xx_hal_flash_ex.c...
compiling stm32g4xx_hal_flash_ramfunc.c...
compiling stm32g4xx_hal_exti.c...
compiling stm32g4xx_hal_dma.c...
compiling stm32g4xx_hal_dma_ex.c...
compiling stm32g4xx_hal_pwr.c...
compiling stm32g4xx_hal_pwr_ex.c...
compiling stm32g4xx_hal_cortex.c...
compiling stm32g4xx_hal_tim.c...
compiling stm32g4xx_hal_tim_ex.c...
compiling stm32g4xx_ll_pwr.c...
compiling system_stm32g4xx.c...
compiling tos_barrier.c...
compiling tos_binary_heap.c...
compiling tos_bitmap.c...
compiling tos_char_fifo.c...
compiling tos_completion.c...
compiling tos_countdownlatch.c...
compiling tos_event.c...
compiling tos_global.c...
compiling tos_mail_queue.c...
compiling tos_message_queue.c...
compiling tos_mmblk.c...
compiling tos_mmheap.c...
compiling tos_mutex.c...
compiling tos_pend.c...
compiling tos_priority_mail_queue.c...
compiling tos_priority_message_queue.c...
compiling tos_priority_queue.c...
compiling tos_ring_queue.c...
compiling tos_robin.c...
compiling tos_rwlock.c...
compiling tos_sched.c...
compiling tos_sem.c...
compiling tos_stopwatch.c...
compiling tos_sys.c...
compiling tos_task.c...
compiling tos_tick.c...
compiling tos_time.c...
compiling tos_timer.c...
compiling tos_cpu.c...
compiling tos_fault.c...
compiling port_c.c...
assembling port_s.S...
compiling cmsis_os.c...
compiling tos_pm.c...
compiling tos_tickless.c...
linking...
Program Size: Code=13124 RO-data=536 RW-data=92 ZI-data=6684  
FromELF: creating hex file...
"g431_tos\g431_tos.axf" - 0 Error(s), 0 Warning(s).

<h2>Software Packages used:</h2>

Package Vendor: ARM
                http://www.keil.com/pack/ARM.CMSIS.5.4.0.pack
                ARM.CMSIS.5.4.0
                CMSIS (Cortex Microcontroller Software Interface Standard)
   * Component: CORE Version: 5.1.2

Package Vendor: Keil
                http://www.keil.com/pack/Keil.STM32G4xx_DFP.1.1.0.pack
                Keil.STM32G4xx_DFP.1.1.0
                STMicroelectronics STM32G4 Series Device Support, Drivers and Examples

<h2>Collection of Component include folders:</h2>
  .\RTE\_g431_tos
  D:\mdk526\ARM\PACK\ARM\CMSIS\5.4.0\CMSIS\Core\Include
  D:\mdk526\ARM\PACK\Keil\STM32G4xx_DFP\1.1.0\Drivers\CMSIS\Device\ST\STM32G4xx\Include

<h2>Collection of Component Files used:</h2>

   * Component: ARM::CMSIS:CORE:5.1.2
Build Time Elapsed:  01:83:41
</pre>
</body>
</html>
