Component: ARM Compiler 5.06 update 6 (build 750) Tool: armlink [4d35ed]

==============================================================================

Section Cross References

    startup_stm32g431xx.o(RESET) refers to startup_stm32g431xx.o(STACK) for __initial_sp
    startup_stm32g431xx.o(RESET) refers to startup_stm32g431xx.o(.text) for Reset_Handler
    startup_stm32g431xx.o(RESET) refers to stm32g4xx_it.o(i.NMI_Handler) for NMI_Handler
    startup_stm32g431xx.o(RESET) refers to stm32g4xx_it.o(i.HardFault_Handler) for HardFault_Handler
    startup_stm32g431xx.o(RESET) refers to stm32g4xx_it.o(i.MemManage_Handler) for MemManage_Handler
    startup_stm32g431xx.o(RESET) refers to stm32g4xx_it.o(i.BusFault_Handler) for BusFault_Handler
    startup_stm32g431xx.o(RESET) refers to stm32g4xx_it.o(i.UsageFault_Handler) for UsageFault_Handler
    startup_stm32g431xx.o(RESET) refers to stm32g4xx_it.o(i.SVC_Handler) for SVC_Handler
    startup_stm32g431xx.o(RESET) refers to stm32g4xx_it.o(i.DebugMon_Handler) for DebugMon_Handler
    startup_stm32g431xx.o(RESET) refers to port_s.o(.text) for PendSV_Handler
    startup_stm32g431xx.o(RESET) refers to stm32g4xx_it.o(i.SysTick_Handler) for SysTick_Handler
    startup_stm32g431xx.o(RESET) refers to stm32g4xx_it.o(i.TIM6_DAC_IRQHandler) for TIM6_DAC_IRQHandler
    startup_stm32g431xx.o(.text) refers to system_stm32g4xx.o(i.SystemInit) for SystemInit
    startup_stm32g431xx.o(.text) refers to entry.o(.ARM.Collect$$$$00000000) for __main
    main.o(i.SystemClock_Config) refers to memseta.o(.text) for __aeabi_memclr4
    main.o(i.SystemClock_Config) refers to stm32g4xx_hal_pwr_ex.o(i.HAL_PWREx_ControlVoltageScaling) for HAL_PWREx_ControlVoltageScaling
    main.o(i.SystemClock_Config) refers to stm32g4xx_hal_rcc.o(i.HAL_RCC_OscConfig) for HAL_RCC_OscConfig
    main.o(i.SystemClock_Config) refers to stm32g4xx_hal_rcc.o(i.HAL_RCC_ClockConfig) for HAL_RCC_ClockConfig
    main.o(i.SystemClock_Config) refers to stm32g4xx_hal_rcc_ex.o(i.HAL_RCCEx_PeriphCLKConfig) for HAL_RCCEx_PeriphCLKConfig
    main.o(i.led_task1) refers to stm32g4xx_hal_gpio.o(i.HAL_GPIO_TogglePin) for HAL_GPIO_TogglePin
    main.o(i.led_task1) refers to tos_task.o(i.tos_task_delay) for tos_task_delay
    main.o(i.main) refers to stm32g4xx_hal.o(i.HAL_Init) for HAL_Init
    main.o(i.main) refers to main.o(i.SystemClock_Config) for SystemClock_Config
    main.o(i.main) refers to tos_sys.o(i.tos_knl_init) for tos_knl_init
    main.o(i.main) refers to gpio.o(i.MX_GPIO_Init) for MX_GPIO_Init
    main.o(i.main) refers to usart.o(i.MX_LPUART1_UART_Init) for MX_LPUART1_UART_Init
    main.o(i.main) refers to tim.o(i.MX_TIM6_Init) for MX_TIM6_Init
    main.o(i.main) refers to tos_task.o(i.tos_task_create) for tos_task_create
    main.o(i.main) refers to tos_sys.o(i.tos_knl_start) for tos_knl_start
    main.o(i.main) refers to main.o(.bss) for .bss
    main.o(i.main) refers to main.o(i.led_task1) for led_task1
    main.o(i.main) refers to main.o(i.show_task2) for show_task2
    main.o(i.show_task2) refers to printf5.o(i.__0printf$5) for __2printf
    main.o(i.show_task2) refers to tos_task.o(i.tos_task_delay) for tos_task_delay
    gpio.o(i.MX_GPIO_Init) refers to memseta.o(.text) for __aeabi_memclr4
    gpio.o(i.MX_GPIO_Init) refers to stm32g4xx_hal_gpio.o(i.HAL_GPIO_WritePin) for HAL_GPIO_WritePin
    gpio.o(i.MX_GPIO_Init) refers to stm32g4xx_hal_gpio.o(i.HAL_GPIO_Init) for HAL_GPIO_Init
    usart.o(i.HAL_UART_MspDeInit) refers to stm32g4xx_hal_gpio.o(i.HAL_GPIO_DeInit) for HAL_GPIO_DeInit
    usart.o(i.HAL_UART_MspInit) refers to memseta.o(.text) for __aeabi_memclr4
    usart.o(i.HAL_UART_MspInit) refers to stm32g4xx_hal_gpio.o(i.HAL_GPIO_Init) for HAL_GPIO_Init
    usart.o(i.MX_LPUART1_UART_Init) refers to stm32g4xx_hal_uart.o(i.HAL_UART_Init) for HAL_UART_Init
    usart.o(i.MX_LPUART1_UART_Init) refers to main.o(i.Error_Handler) for Error_Handler
    usart.o(i.MX_LPUART1_UART_Init) refers to stm32g4xx_hal_uart_ex.o(i.HAL_UARTEx_SetTxFifoThreshold) for HAL_UARTEx_SetTxFifoThreshold
    usart.o(i.MX_LPUART1_UART_Init) refers to stm32g4xx_hal_uart_ex.o(i.HAL_UARTEx_SetRxFifoThreshold) for HAL_UARTEx_SetRxFifoThreshold
    usart.o(i.MX_LPUART1_UART_Init) refers to stm32g4xx_hal_uart_ex.o(i.HAL_UARTEx_DisableFifoMode) for HAL_UARTEx_DisableFifoMode
    usart.o(i.MX_LPUART1_UART_Init) refers to usart.o(.bss) for .bss
    usart.o(i.fputc) refers to stm32g4xx_hal_uart.o(i.HAL_UART_Transmit) for HAL_UART_Transmit
    usart.o(i.fputc) refers to usart.o(.bss) for .bss
    tim.o(i.HAL_TIM_Base_MspDeInit) refers to stm32g4xx_hal_cortex.o(i.HAL_NVIC_DisableIRQ) for HAL_NVIC_DisableIRQ
    tim.o(i.HAL_TIM_Base_MspInit) refers to stm32g4xx_hal_cortex.o(i.HAL_NVIC_SetPriority) for HAL_NVIC_SetPriority
    tim.o(i.HAL_TIM_Base_MspInit) refers to stm32g4xx_hal_cortex.o(i.HAL_NVIC_EnableIRQ) for HAL_NVIC_EnableIRQ
    tim.o(i.MX_TIM6_Init) refers to stm32g4xx_hal_tim.o(i.HAL_TIM_Base_Init) for HAL_TIM_Base_Init
[...]
    ../clib/microlib/string/strncpy.c        0x00000000   Number         0  strncpy.o ABSOLUTE
    ../clib/microlib/stubs.s                 0x00000000   Number         0  iusefp.o ABSOLUTE
    ../fplib/microlib/fpadd.c                0x00000000   Number         0  dadd.o ABSOLUTE
    ../fplib/microlib/fpdiv.c                0x00000000   Number         0  ddiv.o ABSOLUTE
    ../fplib/microlib/fpepilogue.c           0x00000000   Number         0  depilogue.o ABSOLUTE
    ../fplib/microlib/fpfix.c                0x00000000   Number         0  dfixul.o ABSOLUTE
    ../fplib/microlib/fpmul.c                0x00000000   Number         0  dmul.o ABSOLUTE
    ..\Core\Src\gpio.c                       0x00000000   Number         0  gpio.o ABSOLUTE
    ..\Core\Src\main.c                       0x00000000   Number         0  main.o ABSOLUTE
    ..\Core\Src\stm32g4xx_hal_msp.c          0x00000000   Number         0  stm32g4xx_hal_msp.o ABSOLUTE
    ..\Core\Src\stm32g4xx_it.c               0x00000000   Number         0  stm32g4xx_it.o ABSOLUTE
    ..\Core\Src\sys.c                        0x00000000   Number         0  sys.o ABSOLUTE
    ..\Core\Src\system_stm32g4xx.c           0x00000000   Number         0  system_stm32g4xx.o ABSOLUTE
    ..\Core\Src\tim.c                        0x00000000   Number         0  tim.o ABSOLUTE
    ..\Core\Src\usart.c                      0x00000000   Number         0  usart.o ABSOLUTE
    ..\Drivers\STM32G4xx_HAL_Driver\Src\stm32g4xx_hal.c 0x00000000   Number         0  stm32g4xx_hal.o ABSOLUTE
    ..\Drivers\STM32G4xx_HAL_Driver\Src\stm32g4xx_hal_cortex.c 0x00000000   Number         0  stm32g4xx_hal_cortex.o ABSOLUTE
    ..\Drivers\STM32G4xx_HAL_Driver\Src\stm32g4xx_hal_dma.c 0x00000000   Number         0  stm32g4xx_hal_dma.o ABSOLUTE
    ..\Drivers\STM32G4xx_HAL_Driver\Src\stm32g4xx_hal_dma_ex.c 0x00000000   Number         0  stm32g4xx_hal_dma_ex.o ABSOLUTE
    ..\Drivers\STM32G4xx_HAL_Driver\Src\stm32g4xx_hal_exti.c 0x00000000   Number         0  stm32g4xx_hal_exti.o ABSOLUTE
    ..\Drivers\STM32G4xx_HAL_Driver\Src\stm32g4xx_hal_flash.c 0x00000000   Number         0  stm32g4xx_hal_flash.o ABSOLUTE
    ..\Drivers\STM32G4xx_HAL_Driver\Src\stm32g4xx_hal_flash_ex.c 0x00000000   Number         0  stm32g4xx_hal_flash_ex.o ABSOLUTE
    ..\Drivers\STM32G4xx_HAL_Driver\Src\stm32g4xx_hal_flash_ramfunc.c 0x00000000   Number         0  stm32g4xx_hal_flash_ramfunc.o ABSOLUTE
    ..\Drivers\STM32G4xx_HAL_Driver\Src\stm32g4xx_hal_gpio.c 0x00000000   Number         0  stm32g4xx_hal_gpio.o ABSOLUTE
    ..\Drivers\STM32G4xx_HAL_Driver\Src\stm32g4xx_hal_pwr.c 0x00000000   Number         0  stm32g4xx_hal_pwr.o ABSOLUTE
    ..\Drivers\STM32G4xx_HAL_Driver\Src\stm32g4xx_hal_pwr_ex.c 0x00000000   Number         0  stm32g4xx_hal_pwr_ex.o ABSOLUTE
    ..\Drivers\STM32G4xx_HAL_Driver\Src\stm32g4xx_hal_rcc.c 0x00000000   Number         0  stm32g4xx_hal_rcc.o ABSOLUTE
    ..\Drivers\STM32G4xx_HAL_Driver\Src\stm32g4xx_hal_rcc_ex.c 0x00000000   Number         0  stm32g4xx_hal_rcc_ex.o ABSOLUTE
    ..\Drivers\STM32G4xx_HAL_Driver\Src\stm32g4xx_hal_tim.c 0x00000000   Number         0  stm32g4xx_hal_tim.o ABSOLUTE
    ..\Drivers\STM32G4xx_HAL_Driver\Src\stm32g4xx_hal_tim_ex.c 0x00000000   Number         0  stm32g4xx_hal_tim_ex.o ABSOLUTE
    ..\Drivers\STM32G4xx_HAL_Driver\Src\stm32g4xx_hal_uart.c 0x00000000   Number         0  stm32g4xx_hal_uart.o ABSOLUTE
    ..\Drivers\STM32G4xx_HAL_Driver\Src\stm32g4xx_hal_uart_ex.c 0x00000000   Number         0  stm32g4xx_hal_uart_ex.o ABSOLUTE
    ..\\tencentos\\arch\\arm\\arm-v7m\\common\\tos_cpu.c 0x00000000   Number         0  tos_cpu.o ABSOLUTE
    ..\\tencentos\\arch\\arm\\arm-v7m\\common\\tos_fault.c 0x00000000   Number         0  tos_fault.o ABSOLUTE
    ..\\tencentos\\arch\\arm\\arm-v7m\\cortex-m4\\armcc\\port_c.c 0x00000000   Number         0  port_c.o ABSOLUTE
    ..\\tencentos\\kernel\\core\\tos_barrier.c 0x00000000   Number         0  tos_barrier.o ABSOLUTE
    ..\\tencentos\\kernel\\core\\tos_binary_heap.c 0x00000000   Number         0  tos_binary_heap.o ABSOLUTE
    ..\\tencentos\\kernel\\core\\tos_bitmap.c 0x00000000   Number         0  tos_bitmap.o ABSOLUTE
    ..\\tencentos\\kernel\\core\\tos_char_fifo.c 0x00000000   Number         0  tos_char_fifo.o ABSOLUTE
    ..\\tencentos\\kernel\\core\\tos_completion.c 0x00000000   Number         0  tos_completion.o ABSOLUTE
    ..\\tencentos\\kernel\\core\\tos_countdownlatch.c 0x00000000   Number         0  tos_countdownlatch.o ABSOLUTE
    ..\\tencentos\\kernel\\core\\tos_event.c 0x00000000   Number         0  tos_event.o ABSOLUTE
    ..\\tencentos\\kernel\\core\\tos_global.c 0x00000000   Number         0  tos_global.o ABSOLUTE
    ..\\tencentos\\kernel\\core\\tos_mail_queue.c 0x00000000   Number         0  tos_mail_queue.o ABSOLUTE
    ..\\tencentos\\kernel\\core\\tos_message_queue.c 0x00000000   Number         0  tos_message_queue.o ABSOLUTE
    ..\\tencentos\\kernel\\core\\tos_mmblk.c 0x00000000   Number         0  tos_mmblk.o ABSOLUTE
    ..\\tencentos\\kernel\\core\\tos_mmheap.c 0x00000000   Number         0  tos_mmheap.o ABSOLUTE
    ..\\tencentos\\kernel\\core\\tos_mutex.c 0x00000000   Number         0  tos_mutex.o ABSOLUTE
    ..\\tencentos\\kernel\\core\\tos_pend.c  0x00000000   Number         0  tos_pend.o ABSOLUTE
    ..\\tencentos\\kernel\\core\\tos_priority_mail_queue.c 0x00000000   Number         0  tos_priority_mail_queue.o ABSOLUTE
    ..\\tencentos\\kernel\\core\\tos_priority_message_queue.c 0x00000000   Number         0  tos_priority_message_queue.o ABSOLUTE
    ..\\tencentos\\kernel\\core\\tos_priority_queue.c 0x00000000   Number         0  tos_priority_queue.o ABSOLUTE
    ..\\tencentos\\kernel\\core\\tos_ring_queue.c 0x00000000   Number         0  tos_ring_queue.o ABSOLUTE
    ..\\tencentos\\kernel\\core\\tos_robin.c 0x00000000   Number         0  tos_robin.o ABSOLUTE
    ..\\tencentos\\kernel\\core\\tos_rwlock.c 0x00000000   Number         0  tos_rwlock.o ABSOLUTE
    ..\\tencentos\\kernel\\core\\tos_sched.c 0x00000000   Number         0  tos_sched.o ABSOLUTE
    ..\\tencentos\\kernel\\core\\tos_sem.c   0x00000000   Number         0  tos_sem.o ABSOLUTE
    ..\\tencentos\\kernel\\core\\tos_stopwatch.c 0x00000000   Number         0  tos_stopwatch.o ABSOLUTE
    ..\\tencentos\\kernel\\core\\tos_sys.c   0x00000000   Number         0  tos_sys.o ABSOLUTE
    ..\\tencentos\\kernel\\core\\tos_task.c  0x00000000   Number         0  tos_task.o ABSOLUTE
    ..\\tencentos\\kernel\\core\\tos_tick.c  0x00000000   Number         0  tos_tick.o ABSOLUTE
    ..\\tencentos\\kernel\\core\\tos_time.c  0x00000000   Number         0  tos_time.o ABSOLUTE
    ..\\tencentos\\kernel\\core\\tos_timer.c 0x00000000   Number         0  tos_timer.o ABSOLUTE
    ..\\tencentos\\kernel\\pm\\tos_pm.c      0x00000000   Number         0  tos_pm.o ABSOLUTE
    ..\\tencentos\\kernel\\pm\\tos_tickless.c 0x00000000   Number         0  tos_tickless.o ABSOLUTE
    ..\\tencentos\\osal\\cmsis_os\\cmsis_os.c 0x00000000   Number         0  cmsis_os.o ABSOLUTE
    ..\tencentos\arch\arm\arm-v7m\common\tos_cpu.c 0x00000000   Number         0  tos_cpu.o ABSOLUTE
    ..\tencentos\arch\arm\arm-v7m\common\tos_fault.c 0x00000000   Number         0  tos_fault.o ABSOLUTE
    ..\tencentos\arch\arm\arm-v7m\cortex-m4\armcc\port_c.c 0x00000000   Number         0  port_c.o ABSOLUTE
    ..\tencentos\arch\arm\arm-v7m\cortex-m4\armcc\port_s.S 0x00000000   Number         0  port_s.o ABSOLUTE
    ..\tencentos\kernel\core\tos_barrier.c   0x00000000   Number         0  tos_barrier.o ABSOLUTE
    ..\tencentos\kernel\core\tos_binary_heap.c 0x00000000   Number         0  tos_binary_heap.o ABSOLUTE
    ..\tencentos\kernel\core\tos_bitmap.c    0x00000000   Number         0  tos_bitmap.o ABSOLUTE
    ..\tencentos\kernel\core\tos_char_fifo.c 0x00000000   Number         0  tos_char_fifo.o ABSOLUTE
    ..\tencentos\kernel\core\tos_completion.c 0x00000000   Number         0  tos_completion.o ABSOLUTE
    ..\tencentos\kernel\core\tos_countdownlatch.c 0x00000000   Number         0  tos_countdownlatch.o ABSOLUTE
    ..\tencentos\kernel\core\tos_event.c     0x00000000   Number         0  tos_event.o ABSOLUTE
    ..\tencentos\kernel\core\tos_global.c    0x00000000   Number         0  tos_global.o ABSOLUTE
    ..\tencentos\kernel\core\tos_mail_queue.c 0x00000000   Number         0  tos_mail_queue.o ABSOLUTE
    ..\tencentos\kernel\core\tos_message_queue.c 0x00000000   Number         0  tos_message_queue.o ABSOLUTE
    ..\tencentos\kernel\core\tos_mmblk.c     0x00000000   Number         0  tos_mmblk.o ABSOLUTE
    ..\tencentos\kernel\core\tos_mmheap.c    0x00000000   Number         0  tos_mmheap.o ABSOLUTE
    ..\tencentos\kernel\core\tos_mutex.c     0x00000000   Number         0  tos_mutex.o ABSOLUTE
    ..\tencentos\kernel\core\tos_pend.c      0x00000000   Number         0  tos_pend.o ABSOLUTE
    ..\tencentos\kernel\core\tos_priority_mail_queue.c 0x00000000   Number         0  tos_priority_mail_queue.o ABSOLUTE
    ..\tencentos\kernel\core\tos_priority_message_queue.c 0x00000000   Number         0  tos_priority_message_queue.o ABSOLUTE
    ..\tencentos\kernel\core\tos_priority_queue.c 0x00000000   Number         0  tos_priority_queue.o ABSOLUTE
    ..\tencentos\kernel\core\tos_ring_queue.c 0x00000000   Number         0  tos_ring_queue.o ABSOLUTE
    ..\tencentos\kernel\core\tos_robin.c     0x00000000   Number         0  tos_robin.o ABSOLUTE
    ..\tencentos\kernel\core\tos_rwlock.c    0x00000000   Number         0  tos_rwlock.o ABSOLUTE
    ..\tencentos\kernel\core\tos_sched.c     0x00000000   Number         0  tos_sched.o ABSOLUTE
    ..\tencentos\kernel\core\tos_sem.c       0x00000000   Number         0  tos_sem.o ABSOLUTE
    ..\tencentos\kernel\core\tos_stopwatch.c 0x00000000   Number         0  tos_stopwatch.o ABSOLUTE
    ..\tencentos\kernel\core\tos_sys.c       0x00000000   Number         0  tos_sys.o ABSOLUTE
    ..\tencentos\kernel\core\tos_task.c      0x00000000   Number         0  tos_task.o ABSOLUTE
    ..\tencentos\kernel\core\tos_tick.c      0x00000000   Number         0  tos_tick.o ABSOLUTE
    ..\tencentos\kernel\core\tos_time.c      0x00000000   Number         0  tos_time.o ABSOLUTE
    ..\tencentos\kernel\core\tos_timer.c     0x00000000   Number         0  tos_timer.o ABSOLUTE
    ..\tencentos\kernel\pm\tos_pm.c          0x00000000   Number         0  tos_pm.o ABSOLUTE
    ..\tencentos\kernel\pm\tos_tickless.c    0x00000000   Number         0  tos_tickless.o ABSOLUTE
    ..\tencentos\osal\cmsis_os\cmsis_os.c    0x00000000   Number         0  cmsis_os.o ABSOLUTE
    cdrcmple.s                               0x00000000   Number         0  cdrcmple.o ABSOLUTE
    dc.s                                     0x00000000   Number         0  dc.o ABSOLUTE
    handlers.s                               0x00000000   Number         0  handlers.o ABSOLUTE
    init.s                                   0x00000000   Number         0  init.o ABSOLUTE
    startup_stm32g431xx.s                    0x00000000   Number         0  startup_stm32g431xx.o ABSOLUTE
    RESET                                    0x08000000   Section      472  startup_stm32g431xx.o(RESET)
    .ARM.Collect$$$$00000000                 0x080001d8   Section        0  entry.o(.ARM.Collect$$$$00000000)
    .ARM.Collect$$$$00000001                 0x080001d8   Section        4  entry2.o(.ARM.Collect$$$$00000001)
    .ARM.Collect$$$$00000004                 0x080001dc   Section        4  entry5.o(.ARM.Collect$$$$00000004)
    .ARM.Collect$$$$00000008                 0x080001e0   Section        0  entry7b.o(.ARM.Collect$$$$00000008)
    .ARM.Collect$$$$0000000A                 0x080001e0   Section        0  entry8b.o(.ARM.Collect$$$$0000000A)
    .ARM.Collect$$$$0000000B                 0x080001e0   Section        8  entry9a.o(.ARM.Collect$$$$0000000B)
    .ARM.Collect$$$$0000000D                 0x080001e8   Section        0  entry10a.o(.ARM.Collect$$$$0000000D)
    .ARM.Collect$$$$0000000F                 0x080001e8   Section        0  entry11a.o(.ARM.Collect$$$$0000000F)
    .ARM.Collect$$$$00002712                 0x080001e8   Section        4  entry2.o(.ARM.Collect$$$$00002712)
    __lit__00000000                          0x080001e8   Data           4  entry2.o(.ARM.Collect$$$$00002712)
    .text                                    0x080001ec   Section       36  startup_stm32g431xx.o(.text)
    $v0                                      0x080001ec   Number         0  startup_stm32g431xx.o(.text)
    .text                                    0x08000210   Section      224  port_s.o(.text)
    $v0                                      0x08000210   Number         0  port_s.o(.text)
    .text                                    0x080002f0   Section        0  uldiv.o(.text)
    .text                                    0x08000352   Section        0  memseta.o(.text)
    .text                                    0x08000376   Section        0  strncpy.o(.text)
    .text                                    0x0800038e   Section        0  llshl.o(.text)
    .text                                    0x080003ac   Section        0  llushr.o(.text)
    .text                                    0x080003cc   Section       36  init.o(.text)
    i.BusFault_Handler                       0x080003f0   Section        0  stm32g4xx_it.o(i.BusFault_Handler)
    i.DebugMon_Handler                       0x080003f2   Section        0  stm32g4xx_it.o(i.DebugMon_Handler)
    i.Error_Handler                          0x080003f4   Section        0  main.o(i.Error_Handler)
    i.HAL_GPIO_Init                          0x080003f8   Section        0  stm32g4xx_hal_gpio.o(i.HAL_GPIO_Init)
    i.HAL_GPIO_TogglePin                     0x080005b0   Section        0  stm32g4xx_hal_gpio.o(i.HAL_GPIO_TogglePin)
    i.HAL_GPIO_WritePin                      0x080005be   Section        0  stm32g4xx_hal_gpio.o(i.HAL_GPIO_WritePin)
    i.HAL_GetTick                            0x080005c8   Section        0  stm32g4xx_hal.o(i.HAL_GetTick)
    i.HAL_Init                               0x080005d4   Section        0  stm32g4xx_hal.o(i.HAL_Init)
    i.HAL_InitTick                           0x080005f4   Section        0  stm32g4xx_hal.o(i.HAL_InitTick)
    i.HAL_MspInit                            0x08000638   Section        0  stm32g4xx_hal_msp.o(i.HAL_MspInit)
    i.HAL_NVIC_EnableIRQ                     0x08000670   Section        0  stm32g4xx_hal_cortex.o(i.HAL_NVIC_EnableIRQ)
    i.HAL_NVIC_SetPriority                   0x0800068c   Section        0  stm32g4xx_hal_cortex.o(i.HAL_NVIC_SetPriority)
    i.HAL_NVIC_SetPriorityGrouping           0x080006cc   Section        0  stm32g4xx_hal_cortex.o(i.HAL_NVIC_SetPriorityGrouping)
    i.HAL_PWREx_ControlVoltageScaling        0x080006f0   Section        0  stm32g4xx_hal_pwr_ex.o(i.HAL_PWREx_ControlVoltageScaling)
    i.HAL_RCCEx_PeriphCLKConfig              0x080007ac   Section        0  stm32g4xx_hal_rcc_ex.o(i.HAL_RCCEx_PeriphCLKConfig)
    i.HAL_RCC_ClockConfig                    0x08000a34   Section        0  stm32g4xx_hal_rcc.o(i.HAL_RCC_ClockConfig)
    i.HAL_RCC_GetPCLK1Freq                   0x08000c10   Section        0  stm32g4xx_hal_rcc.o(i.HAL_RCC_GetPCLK1Freq)
    i.HAL_RCC_GetPCLK2Freq                   0x08000c34   Section        0  stm32g4xx_hal_rcc.o(i.HAL_RCC_GetPCLK2Freq)
    i.HAL_RCC_GetSysClockFreq                0x08000c58   Section        0  stm32g4xx_hal_rcc.o(i.HAL_RCC_GetSysClockFreq)
    i.HAL_RCC_OscConfig                      0x08000cc8   Section        0  stm32g4xx_hal_rcc.o(i.HAL_RCC_OscConfig)
    i.HAL_SYSTICK_Config                     0x080010d4   Section        0  stm32g4xx_hal_cortex.o(i.HAL_SYSTICK_Config)
    i.HAL_TIMEx_Break2Callback               0x080010fc   Section        0  stm32g4xx_hal_tim_ex.o(i.HAL_TIMEx_Break2Callback)
    i.HAL_TIMEx_BreakCallback                0x080010fe   Section        0  stm32g4xx_hal_tim_ex.o(i.HAL_TIMEx_BreakCallback)
    i.HAL_TIMEx_CommutCallback               0x08001100   Section        0  stm32g4xx_hal_tim_ex.o(i.HAL_TIMEx_CommutCallback)
    i.HAL_TIMEx_DirectionChangeCallback      0x08001102   Section        0  stm32g4xx_hal_tim_ex.o(i.HAL_TIMEx_DirectionChangeCallback)
    i.HAL_TIMEx_EncoderIndexCallback         0x08001104   Section        0  stm32g4xx_hal_tim_ex.o(i.HAL_TIMEx_EncoderIndexCallback)
    i.HAL_TIMEx_IndexErrorCallback           0x08001106   Section        0  stm32g4xx_hal_tim_ex.o(i.HAL_TIMEx_IndexErrorCallback)
    i.HAL_TIMEx_MasterConfigSynchronization  0x08001108   Section        0  stm32g4xx_hal_tim_ex.o(i.HAL_TIMEx_MasterConfigSynchronization)
    i.HAL_TIMEx_TransitionErrorCallback      0x0800116c   Section        0  stm32g4xx_hal_tim_ex.o(i.HAL_TIMEx_TransitionErrorCallback)
    i.HAL_TIM_Base_Init                      0x0800116e   Section        0  stm32g4xx_hal_tim.o(i.HAL_TIM_Base_Init)
    i.HAL_TIM_Base_MspInit                   0x080011a4   Section        0  tim.o(i.HAL_TIM_Base_MspInit)
    i.HAL_TIM_IC_CaptureCallback             0x080011e0   Section        0  stm32g4xx_hal_tim.o(i.HAL_TIM_IC_CaptureCallback)
    i.HAL_TIM_IRQHandler                     0x080011e2   Section        0  stm32g4xx_hal_tim.o(i.HAL_TIM_IRQHandler)
    i.HAL_TIM_OC_DelayElapsedCallback        0x080013de   Section        0  stm32g4xx_hal_tim.o(i.HAL_TIM_OC_DelayElapsedCallback)
    i.HAL_TIM_PWM_PulseFinishedCallback      0x080013e0   Section        0  stm32g4xx_hal_tim.o(i.HAL_TIM_PWM_PulseFinishedCallback)
    i.HAL_TIM_PeriodElapsedCallback          0x080013e2   Section        0  stm32g4xx_hal_tim.o(i.HAL_TIM_PeriodElapsedCallback)
    i.HAL_TIM_TriggerCallback                0x080013e4   Section        0  stm32g4xx_hal_tim.o(i.HAL_TIM_TriggerCallback)
    i.HAL_UARTEx_DisableFifoMode             0x080013e6   Section        0  stm32g4xx_hal_uart_ex.o(i.HAL_UARTEx_DisableFifoMode)
    i.HAL_UARTEx_SetRxFifoThreshold          0x08001424   Section        0  stm32g4xx_hal_uart_ex.o(i.HAL_UARTEx_SetRxFifoThreshold)
    i.HAL_UARTEx_SetTxFifoThreshold          0x08001470   Section        0  stm32g4xx_hal_uart_ex.o(i.HAL_UARTEx_SetTxFifoThreshold)
    i.HAL_UART_Init                          0x080014bc   Section        0  stm32g4xx_hal_uart.o(i.HAL_UART_Init)
    i.HAL_UART_MspInit                       0x08001528   Section        0  usart.o(i.HAL_UART_MspInit)
    i.HAL_UART_Transmit                      0x08001588   Section        0  stm32g4xx_hal_uart.o(i.HAL_UART_Transmit)
    i.HardFault_Handler                      0x08001644   Section        0  stm32g4xx_it.o(i.HardFault_Handler)
    i.MX_GPIO_Init                           0x08001648   Section        0  gpio.o(i.MX_GPIO_Init)
    i.MX_LPUART1_UART_Init                   0x080016e0   Section        0  usart.o(i.MX_LPUART1_UART_Init)
    i.MX_TIM6_Init                           0x08001744   Section        0  tim.o(i.MX_TIM6_Init)
    i.MemManage_Handler                      0x0800178c   Section        0  stm32g4xx_it.o(i.MemManage_Handler)
    i.NMI_Handler                            0x0800178e   Section        0  stm32g4xx_it.o(i.NMI_Handler)
    i.SVC_Handler                            0x08001790   Section        0  stm32g4xx_it.o(i.SVC_Handler)
    i.SysTick_Handler                        0x08001792   Section        0  stm32g4xx_it.o(i.SysTick_Handler)
    i.SystemClock_Config                     0x080017ae   Section        0  main.o(i.SystemClock_Config)
    i.SystemInit                             0x0800181c   Section        0  system_stm32g4xx.o(i.SystemInit)
    i.TIM6_DAC_IRQHandler                    0x08001838   Section        0  stm32g4xx_it.o(i.TIM6_DAC_IRQHandler)
    i.TIM_Base_SetConfig                     0x08001844   Section        0  stm32g4xx_hal_tim.o(i.TIM_Base_SetConfig)
    i.UARTEx_SetNbDataToProcess              0x080018f4   Section        0  stm32g4xx_hal_uart_ex.o(i.UARTEx_SetNbDataToProcess)
    UARTEx_SetNbDataToProcess                0x080018f5   Thumb Code    82  stm32g4xx_hal_uart_ex.o(i.UARTEx_SetNbDataToProcess)
    i.UART_AdvFeatureConfig                  0x08001958   Section        0  stm32g4xx_hal_uart.o(i.UART_AdvFeatureConfig)
    i.UART_CheckIdleState                    0x08001a20   Section        0  stm32g4xx_hal_uart.o(i.UART_CheckIdleState)
    i.UART_SetConfig                         0x08001a80   Section        0  stm32g4xx_hal_uart.o(i.UART_SetConfig)
    i.UART_WaitOnFlagUntilTimeout            0x08002226   Section        0  stm32g4xx_hal_uart.o(i.UART_WaitOnFlagUntilTimeout)
    i.UsageFault_Handler                     0x0800228a   Section        0  stm32g4xx_it.o(i.UsageFault_Handler)
    i.__0printf$5                            0x0800228c   Section        0  printf5.o(i.__0printf$5)
    i.__NVIC_SetPriority                     0x080022ac   Section        0  stm32g4xx_hal_cortex.o(i.__NVIC_SetPriority)
    __NVIC_SetPriority                       0x080022ad   Thumb Code    32  stm32g4xx_hal_cortex.o(i.__NVIC_SetPriority)
    i.__NVIC_SetPriority                     0x080022cc   Section        0  port_c.o(i.__NVIC_SetPriority)
    __NVIC_SetPriority                       0x080022cd   Thumb Code    32  port_c.o(i.__NVIC_SetPriority)
    i.__fls                                  0x080022ec   Section        0  tos_mmheap.o(i.__fls)
    __fls                                    0x080022ed   Thumb Code    12  tos_mmheap.o(i.__fls)
    i.__scatterload_copy                     0x080022f8   Section       14  handlers.o(i.__scatterload_copy)
    i.__scatterload_null                     0x08002306   Section        2  handlers.o(i.__scatterload_null)
    i.__scatterload_zeroinit                 0x08002308   Section       14  handlers.o(i.__scatterload_zeroinit)
    i._printf_core                           0x08002318   Section        0  printf5.o(i._printf_core)
    _printf_core                             0x08002319   Thumb Code   658  printf5.o(i._printf_core)
    i.blk_insert                             0x080025d8   Section        0  tos_mmheap.o(i.blk_insert)
    blk_insert                               0x080025d9   Thumb Code    74  tos_mmheap.o(i.blk_insert)
    i.blk_link_next                          0x08002628   Section        0  tos_mmheap.o(i.blk_link_next)
    blk_link_next                            0x08002629   Thumb Code    12  tos_mmheap.o(i.blk_link_next)
    i.blk_next                               0x08002634   Section        0  tos_mmheap.o(i.blk_next)
    blk_next                                 0x08002635   Thumb Code    16  tos_mmheap.o(i.blk_next)
    i.cpu_context_switch                     0x08002644   Section        0  tos_cpu.o(i.cpu_context_switch)
    i.cpu_init                               0x08002648   Section        0  tos_cpu.o(i.cpu_init)
    i.cpu_irq_context_switch                 0x08002674   Section        0  tos_cpu.o(i.cpu_irq_context_switch)
    i.cpu_sched_start                        0x08002678   Section        0  tos_cpu.o(i.cpu_sched_start)
    i.cpu_systick_init                       0x0800267c   Section        0  tos_cpu.o(i.cpu_systick_init)
    i.cpu_task_stk_init                      0x08002690   Section        0  tos_cpu.o(i.cpu_task_stk_init)
    i.fputc                                  0x08002700   Section        0  usart.o(i.fputc)
    i.knl_idle_entry                         0x08002718   Section        0  tos_sys.o(i.knl_idle_entry)
    knl_idle_entry                           0x08002719   Thumb Code     2  tos_sys.o(i.knl_idle_entry)
    i.knl_idle_init                          0x0800271c   Section        0  tos_sys.o(i.knl_idle_init)
    i.knl_is_idle                            0x08002754   Section        0  tos_sys.o(i.knl_is_idle)
    i.knl_is_inirq                           0x08002768   Section        0  tos_sys.o(i.knl_is_inirq)
    i.knl_is_sched_locked                    0x08002778   Section        0  tos_sys.o(i.knl_is_sched_locked)
    i.knl_is_self                            0x08002788   Section        0  tos_sys.o(i.knl_is_self)
    i.knl_sched                              0x0800279c   Section        0  tos_sys.o(i.knl_sched)
    i.led_task1                              0x080027f0   Section        0  main.o(i.led_task1)
    i.main                                   0x0800280c   Section        0  main.o(i.main)
    i.mapping_insert                         0x08002890   Section        0  tos_mmheap.o(i.mapping_insert)
    mapping_insert                           0x08002891   Thumb Code    44  tos_mmheap.o(i.mapping_insert)
    i.mmheap_ctl_init                        0x080028bc   Section        0  tos_mmheap.o(i.mmheap_ctl_init)
    mmheap_ctl_init                          0x080028bd   Thumb Code    70  tos_mmheap.o(i.mmheap_ctl_init)
    i.mmheap_init_with_pool                  0x08002908   Section        0  tos_mmheap.o(i.mmheap_init_with_pool)
    i.mmheap_pool_is_exist                   0x08002920   Section        0  tos_mmheap.o(i.mmheap_pool_is_exist)
    mmheap_pool_is_exist                     0x08002921   Thumb Code    36  tos_mmheap.o(i.mmheap_pool_is_exist)
    i.mutex_old_owner_release                0x08002948   Section        0  tos_mutex.o(i.mutex_old_owner_release)
    mutex_old_owner_release                  0x08002949   Thumb Code    62  tos_mutex.o(i.mutex_old_owner_release)
    i.mutex_release                          0x08002986   Section        0  tos_mutex.o(i.mutex_release)
    i.pend_highest_pending_prio_get          0x0800299a   Section        0  tos_pend.o(i.pend_highest_pending_prio_get)
    i.pend_list_add                          0x080029ae   Section        0  tos_pend.o(i.pend_list_add)
    pend_list_add                            0x080029af   Thumb Code    62  tos_pend.o(i.pend_list_add)
    i.pend_list_adjust                       0x080029ec   Section        0  tos_pend.o(i.pend_list_adjust)
    i.pend_list_remove                       0x080029fa   Section        0  tos_pend.o(i.pend_list_remove)
    i.pend_task_wakeup                       0x08002a12   Section        0  tos_pend.o(i.pend_task_wakeup)
    i.pend_wakeup_all                        0x08002a4a   Section        0  tos_pend.o(i.pend_wakeup_all)
    i.port_systick_config                    0x08002a6e   Section        0  port_c.o(i.port_systick_config)
    i.port_systick_priority_set              0x08002a90   Section        0  port_c.o(i.port_systick_priority_set)
    i.readyqueue_add                         0x08002a9c   Section        0  tos_sched.o(i.readyqueue_add)
    i.readyqueue_add_head                    0x08002ab8   Section        0  tos_sched.o(i.readyqueue_add_head)
    i.readyqueue_add_tail                    0x08002ae4   Section        0  tos_sched.o(i.readyqueue_add_tail)
    i.readyqueue_first_task_get              0x08002b10   Section        0  tos_sched.o(i.readyqueue_first_task_get)
    i.readyqueue_highest_ready_task_get      0x08002b28   Section        0  tos_sched.o(i.readyqueue_highest_ready_task_get)
    i.readyqueue_init                        0x08002b3c   Section        0  tos_sched.o(i.readyqueue_init)
    i.readyqueue_is_prio_onlyone             0x08002b70   Section        0  tos_sched.o(i.readyqueue_is_prio_onlyone)
    i.readyqueue_move_head_to_tail           0x08002b8c   Section        0  tos_sched.o(i.readyqueue_move_head_to_tail)
    i.readyqueue_prio_mark                   0x08002bb0   Section        0  tos_sched.o(i.readyqueue_prio_mark)
    readyqueue_prio_mark                     0x08002bb1   Thumb Code    42  tos_sched.o(i.readyqueue_prio_mark)
    i.readyqueue_remove                      0x08002be0   Section        0  tos_sched.o(i.readyqueue_remove)
    i.robin_sched                            0x08002c40   Section        0  tos_robin.o(i.robin_sched)
    i.show_task2                             0x08002cb0   Section        0  main.o(i.show_task2)
    i.task_do_destroy                        0x08002ce4   Section        0  tos_task.o(i.task_do_destroy)
    task_do_destroy                          0x08002ce5   Thumb Code   130  tos_task.o(i.task_do_destroy)
    i.task_exit                              0x08002d66   Section        0  tos_task.o(i.task_exit)
    task_exit                                0x08002d67   Thumb Code     6  tos_task.o(i.task_exit)
    i.task_reset                             0x08002d6c   Section        0  tos_task.o(i.task_reset)
    task_reset                               0x08002d6d   Thumb Code    40  tos_task.o(i.task_reset)
    i.tick_list_add                          0x08002d94   Section        0  tos_tick.o(i.tick_list_add)
    i.tick_list_remove                       0x08002da8   Section        0  tos_tick.o(i.tick_list_remove)
    i.tick_task_place                        0x08002e1c   Section        0  tos_tick.o(i.tick_task_place)
    tick_task_place                          0x08002e1d   Thumb Code   150  tos_tick.o(i.tick_task_place)
    i.tick_update                            0x08002eb8   Section        0  tos_tick.o(i.tick_update)
    i.timer_init                             0x08002f34   Section        0  tos_timer.o(i.timer_init)
    i.timer_place                            0x08002f38   Section        0  tos_timer.o(i.timer_place)
    timer_place                              0x08002f39   Thumb Code   100  tos_timer.o(i.timer_place)
    i.timer_takeoff                          0x08002fa4   Section        0  tos_timer.o(i.timer_takeoff)
    timer_takeoff                            0x08002fa5   Thumb Code    68  tos_timer.o(i.timer_takeoff)
    i.timer_update                           0x08002fec   Section        0  tos_timer.o(i.timer_update)
    i.tos_cpu_clz                            0x0800306c   Section        0  tos_cpu.o(i.tos_cpu_clz)
    i.tos_cpu_cpsr_restore                   0x08003070   Section        0  tos_cpu.o(i.tos_cpu_cpsr_restore)
    i.tos_cpu_cpsr_save                      0x08003074   Section        0  tos_cpu.o(i.tos_cpu_cpsr_save)
    i.tos_knl_init                           0x08003078   Section        0  tos_sys.o(i.tos_knl_init)
    i.tos_knl_irq_enter                      0x080030a8   Section        0  tos_sys.o(i.tos_knl_irq_enter)
    i.tos_knl_irq_leave                      0x080030c8   Section        0  tos_sys.o(i.tos_knl_irq_leave)
    i.tos_knl_is_running                     0x08003124   Section        0  tos_sys.o(i.tos_knl_is_running)
    i.tos_knl_sched_lock                     0x08003134   Section        0  tos_sys.o(i.tos_knl_sched_lock)
    i.tos_knl_sched_unlock                   0x0800317c   Section        0  tos_sys.o(i.tos_knl_sched_unlock)
    i.tos_knl_start                          0x080031c8   Section        0  tos_sys.o(i.tos_knl_start)
    i.tos_list_empty                         0x080031fc   Section        0  tos_tick.o(i.tos_list_empty)
    tos_list_empty                           0x080031fd   Thumb Code    14  tos_tick.o(i.tos_list_empty)
    i.tos_mmheap_pool_add                    0x0800320c   Section        0  tos_mmheap.o(i.tos_mmheap_pool_add)
    i.tos_task_create                        0x08003290   Section        0  tos_task.o(i.tos_task_create)
    i.tos_task_delay                         0x08003368   Section        0  tos_task.o(i.tos_task_delay)
    i.tos_task_destroy                       0x080033c8   Section        0  tos_task.o(i.tos_task_destroy)
    i.tos_task_prio_change                   0x08003404   Section        0  tos_task.o(i.tos_task_prio_change)
    i.tos_task_yield                         0x080034bc   Section        0  tos_task.o(i.tos_task_yield)
    i.tos_tick_handler                       0x080034f0   Section        0  tos_tick.o(i.tos_tick_handler)
    .constdata                               0x0800351c   Section       16  system_stm32g4xx.o(.constdata)
    .constdata                               0x0800352c   Section        8  system_stm32g4xx.o(.constdata)
    .constdata                               0x08003534   Section        4  tos_global.o(.constdata)
    .constdata                               0x08003538   Section        4  tos_global.o(.constdata)
    .data                                    0x20000000   Section       12  stm32g4xx_hal.o(.data)
    .data                                    0x2000000c   Section        4  system_stm32g4xx.o(.data)
    .data                                    0x20000010   Section        1  tos_global.o(.data)
    .data                                    0x20000011   Section        1  tos_global.o(.data)
    .data                                    0x20000012   Section        1  tos_global.o(.data)
    .data                                    0x20000018   Section        8  tos_global.o(.data)
    .data                                    0x20000020   Section        4  tos_global.o(.data)
    .data                                    0x20000024   Section        4  tos_global.o(.data)
    .data                                    0x20000028   Section        8  tos_global.o(.data)
    .data                                    0x20000030   Section        4  tos_global.o(.data)
    .data                                    0x20000034   Section        8  tos_global.o(.data)
    .data                                    0x2000003c   Section        8  tos_global.o(.data)
    .data                                    0x20000044   Section        4  tos_global.o(.data)
    .data                                    0x20000048   Section       16  tos_global.o(.data)
    .data                                    0x20000058   Section        4  stdout.o(.data)
    .bss                                     0x20000060   Section     1264  main.o(.bss)
    .bss                                     0x20000550   Section      140  usart.o(.bss)
    .bss                                     0x200005dc   Section       64  tim.o(.bss)
    .bss                                     0x2000061c   Section       88  tos_global.o(.bss)
    .bss                                     0x20000678   Section      120  tos_global.o(.bss)
    .bss                                     0x200006f0   Section      512  tos_global.o(.bss)
    .bss                                     0x200008f0   Section      256  tos_global.o(.bss)
    .bss                                     0x200009f0   Section     3204  tos_global.o(.bss)
    STACK                                    0x20001678   Section     1024  startup_stm32g431xx.o(STACK)

    Global Symbols

    Symbol Name                              Value     Ov Type        Size  Object(Section)

    BuildAttributes$$THM_ISAv4$E$P$D$K$B$S$7EM$VFPi3$EXTD16$VFPS$VFMA$PE$A:L22UL41UL21$X:L11$S22US41US21$IEEE1$IW$USESV6$~STKCKD$USESV7$~SHL$OSPACE$ROPI$EBA8$MICROLIB$REQ8$PRES8$EABIv2 0x00000000   Number         0  anon$$obj.o ABSOLUTE
    __ARM_use_no_argv                        0x00000000   Number         0  main.o ABSOLUTE
    _printf_a                                0x00000000   Number         0  stubs.o ABSOLUTE
    _printf_c                                0x00000000   Number         0  stubs.o ABSOLUTE
    _printf_charcount                        0x00000000   Number         0  stubs.o ABSOLUTE
    _printf_d                                0x00000000   Number         0  stubs.o ABSOLUTE
    _printf_e                                0x00000000   Number         0  stubs.o ABSOLUTE
    _printf_f                                0x00000000   Number         0  stubs.o ABSOLUTE
    _printf_flags                            0x00000000   Number         0  stubs.o ABSOLUTE
    _printf_fp_dec                           0x00000000   Number         0  stubs.o ABSOLUTE
    _printf_fp_hex                           0x00000000   Number         0  stubs.o ABSOLUTE
    _printf_g                                0x00000000   Number         0  stubs.o ABSOLUTE
    _printf_i                                0x00000000   Number         0  stubs.o ABSOLUTE
    _printf_int_dec                          0x00000000   Number         0  stubs.o ABSOLUTE
    _printf_l                                0x00000000   Number         0  stubs.o ABSOLUTE
    _printf_lc                               0x00000000   Number         0  stubs.o ABSOLUTE
    _printf_ll                               0x00000000   Number         0  stubs.o ABSOLUTE
    _printf_lld                              0x00000000   Number         0  stubs.o ABSOLUTE
    _printf_lli                              0x00000000   Number         0  stubs.o ABSOLUTE
    _printf_llo                              0x00000000   Number         0  stubs.o ABSOLUTE
    _printf_llu                              0x00000000   Number         0  stubs.o ABSOLUTE
    _printf_llx                              0x00000000   Number         0  stubs.o ABSOLUTE
    _printf_longlong_dec                     0x00000000   Number         0  stubs.o ABSOLUTE
    _printf_longlong_hex                     0x00000000   Number         0  stubs.o ABSOLUTE
    _printf_longlong_oct                     0x00000000   Number         0  stubs.o ABSOLUTE
    _printf_ls                               0x00000000   Number         0  stubs.o ABSOLUTE
    _printf_mbtowc                           0x00000000   Number         0  stubs.o ABSOLUTE
    _printf_n                                0x00000000   Number         0  stubs.o ABSOLUTE
    _printf_o                                0x00000000   Number         0  stubs.o ABSOLUTE
    _printf_p                                0x00000000   Number         0  stubs.o ABSOLUTE
    _printf_percent                          0x00000000   Number         0  stubs.o ABSOLUTE
    _printf_pre_padding                      0x00000000   Number         0  stubs.o ABSOLUTE
    _printf_return_value                     0x00000000   Number         0  stubs.o ABSOLUTE
    _printf_s                                0x00000000   Number         0  stubs.o ABSOLUTE
    _printf_sizespec                         0x00000000   Number         0  stubs.o ABSOLUTE
    _printf_str                              0x00000000   Number         0  stubs.o ABSOLUTE
    _printf_truncate_signed                  0x00000000   Number         0  stubs.o ABSOLUTE
    _printf_truncate_unsigned                0x00000000   Number         0  stubs.o ABSOLUTE
    _printf_u                                0x00000000   Number         0  stubs.o ABSOLUTE
    _printf_wc                               0x00000000   Number         0  stubs.o ABSOLUTE
    _printf_wctomb                           0x00000000   Number         0  stubs.o ABSOLUTE
    _printf_widthprec                        0x00000000   Number         0  stubs.o ABSOLUTE
    _printf_x                                0x00000000   Number         0  stubs.o ABSOLUTE
    __cpp_initialize__aeabi_                  - Undefined Weak Reference
    __cxa_finalize                            - Undefined Weak Reference
    __decompress                              - Undefined Weak Reference
    _clock_init                               - Undefined Weak Reference
    _microlib_exit                            - Undefined Weak Reference
    __Vectors_Size                           0x000001d8   Number         0  startup_stm32g431xx.o ABSOLUTE
    __Vectors                                0x08000000   Data           4  startup_stm32g431xx.o(RESET)
    __Vectors_End                            0x080001d8   Data           0  startup_stm32g431xx.o(RESET)
    __main                                   0x080001d9   Thumb Code     0  entry.o(.ARM.Collect$$$$00000000)
    _main_stk                                0x080001d9   Thumb Code     0  entry2.o(.ARM.Collect$$$$00000001)
    _main_scatterload                        0x080001dd   Thumb Code     0  entry5.o(.ARM.Collect$$$$00000004)
    __main_after_scatterload                 0x080001e1   Thumb Code     0  entry5.o(.ARM.Collect$$$$00000004)
    _main_clock                              0x080001e1   Thumb Code     0  entry7b.o(.ARM.Collect$$$$00000008)
    _main_cpp_init                           0x080001e1   Thumb Code     0  entry8b.o(.ARM.Collect$$$$0000000A)
    _main_init                               0x080001e1   Thumb Code     0  entry9a.o(.ARM.Collect$$$$0000000B)
    __rt_final_cpp                           0x080001e9   Thumb Code     0  entry10a.o(.ARM.Collect$$$$0000000D)
    __rt_final_exit                          0x080001e9   Thumb Code     0  entry11a.o(.ARM.Collect$$$$0000000F)
    Reset_Handler                            0x080001ed   Thumb Code     8  startup_stm32g431xx.o(.text)
    ADC1_2_IRQHandler                        0x08000207   Thumb Code     0  startup_stm32g431xx.o(.text)
    COMP1_2_3_IRQHandler                     0x08000207   Thumb Code     0  startup_stm32g431xx.o(.text)
    COMP4_IRQHandler                         0x08000207   Thumb Code     0  startup_stm32g431xx.o(.text)
    CORDIC_IRQHandler                        0x08000207   Thumb Code     0  startup_stm32g431xx.o(.text)
    CRS_IRQHandler                           0x08000207   Thumb Code     0  startup_stm32g431xx.o(.text)
    DMA1_Channel1_IRQHandler                 0x08000207   Thumb Code     0  startup_stm32g431xx.o(.text)
    DMA1_Channel2_IRQHandler                 0x08000207   Thumb Code     0  startup_stm32g431xx.o(.text)
    DMA1_Channel3_IRQHandler                 0x08000207   Thumb Code     0  startup_stm32g431xx.o(.text)
    DMA1_Channel4_IRQHandler                 0x08000207   Thumb Code     0  startup_stm32g431xx.o(.text)
    DMA1_Channel5_IRQHandler                 0x08000207   Thumb Code     0  startup_stm32g431xx.o(.text)
    DMA1_Channel6_IRQHandler                 0x08000207   Thumb Code     0  startup_stm32g431xx.o(.text)
    DMA2_Channel1_IRQHandler                 0x08000207   Thumb Code     0  startup_stm32g431xx.o(.text)
    DMA2_Channel2_IRQHandler                 0x08000207   Thumb Code     0  startup_stm32g431xx.o(.text)
    DMA2_Channel3_IRQHandler                 0x08000207   Thumb Code     0  startup_stm32g431xx.o(.text)
    DMA2_Channel4_IRQHandler                 0x08000207   Thumb Code     0  startup_stm32g431xx.o(.text)
    DMA2_Channel5_IRQHandler                 0x08000207   Thumb Code     0  startup_stm32g431xx.o(.text)
    DMA2_Channel6_IRQHandler                 0x08000207   Thumb Code     0  startup_stm32g431xx.o(.text)
    DMAMUX_OVR_IRQHandler                    0x08000207   Thumb Code     0  startup_stm32g431xx.o(.text)
    EXTI0_IRQHandler                         0x08000207   Thumb Code     0  startup_stm32g431xx.o(.text)
    EXTI15_10_IRQHandler                     0x08000207   Thumb Code     0  startup_stm32g431xx.o(.text)
    EXTI1_IRQHandler                         0x08000207   Thumb Code     0  startup_stm32g431xx.o(.text)
    EXTI2_IRQHandler                         0x08000207   Thumb Code     0  startup_stm32g431xx.o(.text)
    EXTI3_IRQHandler                         0x08000207   Thumb Code     0  startup_stm32g431xx.o(.text)
    EXTI4_IRQHandler                         0x08000207   Thumb Code     0  startup_stm32g431xx.o(.text)
    EXTI9_5_IRQHandler                       0x08000207   Thumb Code     0  startup_stm32g431xx.o(.text)
    FDCAN1_IT0_IRQHandler                    0x08000207   Thumb Code     0  startup_stm32g431xx.o(.text)
    FDCAN1_IT1_IRQHandler                    0x08000207   Thumb Code     0  startup_stm32g431xx.o(.text)
    FLASH_IRQHandler                         0x08000207   Thumb Code     0  startup_stm32g431xx.o(.text)
    FMAC_IRQHandler                          0x08000207   Thumb Code     0  startup_stm32g431xx.o(.text)
    FPU_IRQHandler                           0x08000207   Thumb Code     0  startup_stm32g431xx.o(.text)
    I2C1_ER_IRQHandler                       0x08000207   Thumb Code     0  startup_stm32g431xx.o(.text)
    I2C1_EV_IRQHandler                       0x08000207   Thumb Code     0  startup_stm32g431xx.o(.text)
    I2C2_ER_IRQHandler                       0x08000207   Thumb Code     0  startup_stm32g431xx.o(.text)
    I2C2_EV_IRQHandler                       0x08000207   Thumb Code     0  startup_stm32g431xx.o(.text)
    I2C3_ER_IRQHandler                       0x08000207   Thumb Code     0  startup_stm32g431xx.o(.text)
    I2C3_EV_IRQHandler                       0x08000207   Thumb Code     0  startup_stm32g431xx.o(.text)
    LPTIM1_IRQHandler                        0x08000207   Thumb Code     0  startup_stm32g431xx.o(.text)
    LPUART1_IRQHandler                       0x08000207   Thumb Code     0  startup_stm32g431xx.o(.text)
    PVD_PVM_IRQHandler                       0x08000207   Thumb Code     0  startup_stm32g431xx.o(.text)
    RCC_IRQHandler                           0x08000207   Thumb Code     0  startup_stm32g431xx.o(.text)
    RNG_IRQHandler                           0x08000207   Thumb Code     0  startup_stm32g431xx.o(.text)
    RTC_Alarm_IRQHandler                     0x08000207   Thumb Code     0  startup_stm32g431xx.o(.text)
    RTC_TAMP_LSECSS_IRQHandler               0x08000207   Thumb Code     0  startup_stm32g431xx.o(.text)
    RTC_WKUP_IRQHandler                      0x08000207   Thumb Code     0  startup_stm32g431xx.o(.text)
    SAI1_IRQHandler                          0x08000207   Thumb Code     0  startup_stm32g431xx.o(.text)
    SPI1_IRQHandler                          0x08000207   Thumb Code     0  startup_stm32g431xx.o(.text)
    SPI2_IRQHandler                          0x08000207   Thumb Code     0  startup_stm32g431xx.o(.text)
    SPI3_IRQHandler                          0x08000207   Thumb Code     0  startup_stm32g431xx.o(.text)
    TIM1_BRK_TIM15_IRQHandler                0x08000207   Thumb Code     0  startup_stm32g431xx.o(.text)
    TIM1_CC_IRQHandler                       0x08000207   Thumb Code     0  startup_stm32g431xx.o(.text)
    TIM1_TRG_COM_TIM17_IRQHandler            0x08000207   Thumb Code     0  startup_stm32g431xx.o(.text)
    TIM1_UP_TIM16_IRQHandler                 0x08000207   Thumb Code     0  startup_stm32g431xx.o(.text)
    TIM2_IRQHandler                          0x08000207   Thumb Code     0  startup_stm32g431xx.o(.text)
    TIM3_IRQHandler                          0x08000207   Thumb Code     0  startup_stm32g431xx.o(.text)
    TIM4_IRQHandler                          0x08000207   Thumb Code     0  startup_stm32g431xx.o(.text)
    TIM7_DAC_IRQHandler                      0x08000207   Thumb Code     0  startup_stm32g431xx.o(.text)
    TIM8_BRK_IRQHandler                      0x08000207   Thumb Code     0  startup_stm32g431xx.o(.text)
    TIM8_CC_IRQHandler                       0x08000207   Thumb Code     0  startup_stm32g431xx.o(.text)
    TIM8_TRG_COM_IRQHandler                  0x08000207   Thumb Code     0  startup_stm32g431xx.o(.text)
    TIM8_UP_IRQHandler                       0x08000207   Thumb Code     0  startup_stm32g431xx.o(.text)
    UART4_IRQHandler                         0x08000207   Thumb Code     0  startup_stm32g431xx.o(.text)
    UCPD1_IRQHandler                         0x08000207   Thumb Code     0  startup_stm32g431xx.o(.text)
    USART1_IRQHandler                        0x08000207   Thumb Code     0  startup_stm32g431xx.o(.text)
    USART2_IRQHandler                        0x08000207   Thumb Code     0  startup_stm32g431xx.o(.text)
    USART3_IRQHandler                        0x08000207   Thumb Code     0  startup_stm32g431xx.o(.text)
    USBWakeUp_IRQHandler                     0x08000207   Thumb Code     0  startup_stm32g431xx.o(.text)
    USB_HP_IRQHandler                        0x08000207   Thumb Code     0  startup_stm32g431xx.o(.text)
    USB_LP_IRQHandler                        0x08000207   Thumb Code     0  startup_stm32g431xx.o(.text)
    WWDG_IRQHandler                          0x08000207   Thumb Code     0  startup_stm32g431xx.o(.text)
    port_int_disable                         0x08000211   Thumb Code     0  port_s.o(.text)
    port_int_enable                          0x08000215   Thumb Code     0  port_s.o(.text)
    port_cpsr_save                           0x08000219   Thumb Code     0  port_s.o(.text)
    port_cpsr_restore                        0x08000221   Thumb Code     0  port_s.o(.text)
    port_clz                                 0x08000227   Thumb Code     0  port_s.o(.text)
    port_sched_start                         0x0800022d   Thumb Code     0  port_s.o(.text)
    port_context_switch                      0x08000287   Thumb Code     0  port_s.o(.text)
    port_irq_context_switch                  0x08000291   Thumb Code     0  port_s.o(.text)
    PendSV_Handler                           0x0800029b   Thumb Code     0  port_s.o(.text)
    __aeabi_uldivmod                         0x080002f1   Thumb Code    98  uldiv.o(.text)
    __aeabi_memset                           0x08000353   Thumb Code    14  memseta.o(.text)
    __aeabi_memset4                          0x08000353   Thumb Code     0  memseta.o(.text)
    __aeabi_memset8                          0x08000353   Thumb Code     0  memseta.o(.text)
    __aeabi_memclr                           0x08000361   Thumb Code     4  memseta.o(.text)
    __aeabi_memclr4                          0x08000361   Thumb Code     0  memseta.o(.text)
    __aeabi_memclr8                          0x08000361   Thumb Code     0  memseta.o(.text)
    _memset$wrapper                          0x08000365   Thumb Code    18  memseta.o(.text)
    strncpy                                  0x08000377   Thumb Code    24  strncpy.o(.text)
    __aeabi_llsl                             0x0800038f   Thumb Code    30  llshl.o(.text)
    _ll_shift_l                              0x0800038f   Thumb Code     0  llshl.o(.text)
    __aeabi_llsr                             0x080003ad   Thumb Code    32  llushr.o(.text)
    _ll_ushift_r                             0x080003ad   Thumb Code     0  llushr.o(.text)
    __scatterload                            0x080003cd   Thumb Code    28  init.o(.text)
    __scatterload_rt2                        0x080003cd   Thumb Code     0  init.o(.text)
    BusFault_Handler                         0x080003f1   Thumb Code     2  stm32g4xx_it.o(i.BusFault_Handler)
    DebugMon_Handler                         0x080003f3   Thumb Code     2  stm32g4xx_it.o(i.DebugMon_Handler)
    Error_Handler                            0x080003f5   Thumb Code     2  main.o(i.Error_Handler)
    HAL_GPIO_Init                            0x080003f9   Thumb Code   406  stm32g4xx_hal_gpio.o(i.HAL_GPIO_Init)
    HAL_GPIO_TogglePin                       0x080005b1   Thumb Code    14  stm32g4xx_hal_gpio.o(i.HAL_GPIO_TogglePin)
    HAL_GPIO_WritePin                        0x080005bf   Thumb Code    10  stm32g4xx_hal_gpio.o(i.HAL_GPIO_WritePin)
    HAL_GetTick                              0x080005c9   Thumb Code     6  stm32g4xx_hal.o(i.HAL_GetTick)
    HAL_Init                                 0x080005d5   Thumb Code    30  stm32g4xx_hal.o(i.HAL_Init)
    HAL_InitTick                             0x080005f5   Thumb Code    58  stm32g4xx_hal.o(i.HAL_InitTick)
    HAL_MspInit                              0x08000639   Thumb Code    48  stm32g4xx_hal_msp.o(i.HAL_MspInit)
    HAL_NVIC_EnableIRQ                       0x08000671   Thumb Code    26  stm32g4xx_hal_cortex.o(i.HAL_NVIC_EnableIRQ)
    HAL_NVIC_SetPriority                     0x0800068d   Thumb Code    60  stm32g4xx_hal_cortex.o(i.HAL_NVIC_SetPriority)
    HAL_NVIC_SetPriorityGrouping             0x080006cd   Thumb Code    26  stm32g4xx_hal_cortex.o(i.HAL_NVIC_SetPriorityGrouping)
    HAL_PWREx_ControlVoltageScaling          0x080006f1   Thumb Code   174  stm32g4xx_hal_pwr_ex.o(i.HAL_PWREx_ControlVoltageScaling)
    HAL_RCCEx_PeriphCLKConfig                0x080007ad   Thumb Code   638  stm32g4xx_hal_rcc_ex.o(i.HAL_RCCEx_PeriphCLKConfig)
    HAL_RCC_ClockConfig                      0x08000a35   Thumb Code   444  stm32g4xx_hal_rcc.o(i.HAL_RCC_ClockConfig)
    HAL_RCC_GetPCLK1Freq                     0x08000c11   Thumb Code    24  stm32g4xx_hal_rcc.o(i.HAL_RCC_GetPCLK1Freq)
    HAL_RCC_GetPCLK2Freq                     0x08000c35   Thumb Code    24  stm32g4xx_hal_rcc.o(i.HAL_RCC_GetPCLK2Freq)
    HAL_RCC_GetSysClockFreq                  0x08000c59   Thumb Code    98  stm32g4xx_hal_rcc.o(i.HAL_RCC_GetSysClockFreq)
    HAL_RCC_OscConfig                        0x08000cc9   Thumb Code  1036  stm32g4xx_hal_rcc.o(i.HAL_RCC_OscConfig)
    HAL_SYSTICK_Config                       0x080010d5   Thumb Code    40  stm32g4xx_hal_cortex.o(i.HAL_SYSTICK_Config)
    HAL_TIMEx_Break2Callback                 0x080010fd   Thumb Code     2  stm32g4xx_hal_tim_ex.o(i.HAL_TIMEx_Break2Callback)
    HAL_TIMEx_BreakCallback                  0x080010ff   Thumb Code     2  stm32g4xx_hal_tim_ex.o(i.HAL_TIMEx_BreakCallback)
    HAL_TIMEx_CommutCallback                 0x08001101   Thumb Code     2  stm32g4xx_hal_tim_ex.o(i.HAL_TIMEx_CommutCallback)
    HAL_TIMEx_DirectionChangeCallback        0x08001103   Thumb Code     2  stm32g4xx_hal_tim_ex.o(i.HAL_TIMEx_DirectionChangeCallback)
    HAL_TIMEx_EncoderIndexCallback           0x08001105   Thumb Code     2  stm32g4xx_hal_tim_ex.o(i.HAL_TIMEx_EncoderIndexCallback)
    HAL_TIMEx_IndexErrorCallback             0x08001107   Thumb Code     2  stm32g4xx_hal_tim_ex.o(i.HAL_TIMEx_IndexErrorCallback)
    HAL_TIMEx_MasterConfigSynchronization    0x08001109   Thumb Code    88  stm32g4xx_hal_tim_ex.o(i.HAL_TIMEx_MasterConfigSynchronization)
    HAL_TIMEx_TransitionErrorCallback        0x0800116d   Thumb Code     2  stm32g4xx_hal_tim_ex.o(i.HAL_TIMEx_TransitionErrorCallback)
    HAL_TIM_Base_Init                        0x0800116f   Thumb Code    54  stm32g4xx_hal_tim.o(i.HAL_TIM_Base_Init)
    HAL_TIM_Base_MspInit                     0x080011a5   Thumb Code    50  tim.o(i.HAL_TIM_Base_MspInit)
    HAL_TIM_IC_CaptureCallback               0x080011e1   Thumb Code     2  stm32g4xx_hal_tim.o(i.HAL_TIM_IC_CaptureCallback)
    HAL_TIM_IRQHandler                       0x080011e3   Thumb Code   508  stm32g4xx_hal_tim.o(i.HAL_TIM_IRQHandler)
    HAL_TIM_OC_DelayElapsedCallback          0x080013df   Thumb Code     2  stm32g4xx_hal_tim.o(i.HAL_TIM_OC_DelayElapsedCallback)
    HAL_TIM_PWM_PulseFinishedCallback        0x080013e1   Thumb Code     2  stm32g4xx_hal_tim.o(i.HAL_TIM_PWM_PulseFinishedCallback)
    HAL_TIM_PeriodElapsedCallback            0x080013e3   Thumb Code     2  stm32g4xx_hal_tim.o(i.HAL_TIM_PeriodElapsedCallback)
    HAL_TIM_TriggerCallback                  0x080013e5   Thumb Code     2  stm32g4xx_hal_tim.o(i.HAL_TIM_TriggerCallback)
    HAL_UARTEx_DisableFifoMode               0x080013e7   Thumb Code    62  stm32g4xx_hal_uart_ex.o(i.HAL_UARTEx_DisableFifoMode)
    HAL_UARTEx_SetRxFifoThreshold            0x08001425   Thumb Code    76  stm32g4xx_hal_uart_ex.o(i.HAL_UARTEx_SetRxFifoThreshold)
    HAL_UARTEx_SetTxFifoThreshold            0x08001471   Thumb Code    76  stm32g4xx_hal_uart_ex.o(i.HAL_UARTEx_SetTxFifoThreshold)
    HAL_UART_Init                            0x080014bd   Thumb Code   106  stm32g4xx_hal_uart.o(i.HAL_UART_Init)
    HAL_UART_MspInit                         0x08001529   Thumb Code    86  usart.o(i.HAL_UART_MspInit)
    HAL_UART_Transmit                        0x08001589   Thumb Code   188  stm32g4xx_hal_uart.o(i.HAL_UART_Transmit)
    HardFault_Handler                        0x08001645   Thumb Code     2  stm32g4xx_it.o(i.HardFault_Handler)
    MX_GPIO_Init                             0x08001649   Thumb Code   138  gpio.o(i.MX_GPIO_Init)
    MX_LPUART1_UART_Init                     0x080016e1   Thumb Code    90  usart.o(i.MX_LPUART1_UART_Init)
    MX_TIM6_Init                             0x08001745   Thumb Code    62  tim.o(i.MX_TIM6_Init)
    MemManage_Handler                        0x0800178d   Thumb Code     2  stm32g4xx_it.o(i.MemManage_Handler)
    NMI_Handler                              0x0800178f   Thumb Code     2  stm32g4xx_it.o(i.NMI_Handler)
    SVC_Handler                              0x08001791   Thumb Code     2  stm32g4xx_it.o(i.SVC_Handler)
    SysTick_Handler                          0x08001793   Thumb Code    28  stm32g4xx_it.o(i.SysTick_Handler)
    SystemClock_Config                       0x080017af   Thumb Code   108  main.o(i.SystemClock_Config)
    SystemInit                               0x0800181d   Thumb Code    22  system_stm32g4xx.o(i.SystemInit)
    TIM6_DAC_IRQHandler                      0x08001839   Thumb Code     6  stm32g4xx_it.o(i.TIM6_DAC_IRQHandler)
    TIM_Base_SetConfig                       0x08001845   Thumb Code   146  stm32g4xx_hal_tim.o(i.TIM_Base_SetConfig)
    UART_AdvFeatureConfig                    0x08001959   Thumb Code   200  stm32g4xx_hal_uart.o(i.UART_AdvFeatureConfig)
    UART_CheckIdleState                      0x08001a21   Thumb Code    94  stm32g4xx_hal_uart.o(i.UART_CheckIdleState)
    UART_SetConfig                           0x08001a81   Thumb Code  1958  stm32g4xx_hal_uart.o(i.UART_SetConfig)
    UART_WaitOnFlagUntilTimeout              0x08002227   Thumb Code   100  stm32g4xx_hal_uart.o(i.UART_WaitOnFlagUntilTimeout)
    UsageFault_Handler                       0x0800228b   Thumb Code     2  stm32g4xx_it.o(i.UsageFault_Handler)
    __0printf$5                              0x0800228d   Thumb Code    22  printf5.o(i.__0printf$5)
    __1printf$5                              0x0800228d   Thumb Code     0  printf5.o(i.__0printf$5)
    __2printf                                0x0800228d   Thumb Code     0  printf5.o(i.__0printf$5)
    __scatterload_copy                       0x080022f9   Thumb Code    14  handlers.o(i.__scatterload_copy)
    __scatterload_null                       0x08002307   Thumb Code     2  handlers.o(i.__scatterload_null)
    __scatterload_zeroinit                   0x08002309   Thumb Code    14  handlers.o(i.__scatterload_zeroinit)
    cpu_context_switch                       0x08002645   Thumb Code     4  tos_cpu.o(i.cpu_context_switch)
    cpu_init                                 0x08002649   Thumb Code    30  tos_cpu.o(i.cpu_init)
    cpu_irq_context_switch                   0x08002675   Thumb Code     4  tos_cpu.o(i.cpu_irq_context_switch)
    cpu_sched_start                          0x08002679   Thumb Code     4  tos_cpu.o(i.cpu_sched_start)
    cpu_systick_init                         0x0800267d   Thumb Code    20  tos_cpu.o(i.cpu_systick_init)
    cpu_task_stk_init                        0x08002691   Thumb Code   110  tos_cpu.o(i.cpu_task_stk_init)
    fputc                                    0x08002701   Thumb Code    20  usart.o(i.fputc)
    knl_idle_init                            0x0800271d   Thumb Code    32  tos_sys.o(i.knl_idle_init)
    knl_is_idle                              0x08002755   Thumb Code    14  tos_sys.o(i.knl_is_idle)
    knl_is_inirq                             0x08002769   Thumb Code    12  tos_sys.o(i.knl_is_inirq)
    knl_is_sched_locked                      0x08002779   Thumb Code    12  tos_sys.o(i.knl_is_sched_locked)
    knl_is_self                              0x08002789   Thumb Code    16  tos_sys.o(i.knl_is_self)
    knl_sched                                0x0800279d   Thumb Code    64  tos_sys.o(i.knl_sched)
    led_task1                                0x080027f1   Thumb Code    26  main.o(i.led_task1)
    main                                     0x0800280d   Thumb Code    90  main.o(i.main)
    mmheap_init_with_pool                    0x08002909   Thumb Code    22  tos_mmheap.o(i.mmheap_init_with_pool)
    mutex_release                            0x08002987   Thumb Code    20  tos_mutex.o(i.mutex_release)
    pend_highest_pending_prio_get            0x0800299b   Thumb Code    20  tos_pend.o(i.pend_highest_pending_prio_get)
    pend_list_adjust                         0x080029ed   Thumb Code    14  tos_pend.o(i.pend_list_adjust)
    pend_list_remove                         0x080029fb   Thumb Code    24  tos_pend.o(i.pend_list_remove)
    pend_task_wakeup                         0x08002a13   Thumb Code    56  tos_pend.o(i.pend_task_wakeup)
    pend_wakeup_all                          0x08002a4b   Thumb Code    36  tos_pend.o(i.pend_wakeup_all)
    port_systick_config                      0x08002a6f   Thumb Code    34  port_c.o(i.port_systick_config)
    port_systick_priority_set                0x08002a91   Thumb Code    10  port_c.o(i.port_systick_priority_set)
    readyqueue_add                           0x08002a9d   Thumb Code    24  tos_sched.o(i.readyqueue_add)
    readyqueue_add_head                      0x08002ab9   Thumb Code    38  tos_sched.o(i.readyqueue_add_head)
    readyqueue_add_tail                      0x08002ae5   Thumb Code    38  tos_sched.o(i.readyqueue_add_tail)
    readyqueue_first_task_get                0x08002b11   Thumb Code    20  tos_sched.o(i.readyqueue_first_task_get)
    readyqueue_highest_ready_task_get        0x08002b29   Thumb Code    14  tos_sched.o(i.readyqueue_highest_ready_task_get)
    readyqueue_init                          0x08002b3d   Thumb Code    48  tos_sched.o(i.readyqueue_init)
    readyqueue_is_prio_onlyone               0x08002b71   Thumb Code    22  tos_sched.o(i.readyqueue_is_prio_onlyone)
    readyqueue_move_head_to_tail             0x08002b8d   Thumb Code    32  tos_sched.o(i.readyqueue_move_head_to_tail)
    readyqueue_remove                        0x08002be1   Thumb Code    92  tos_sched.o(i.readyqueue_remove)
    robin_sched                              0x08002c41   Thumb Code   102  tos_robin.o(i.robin_sched)
    show_task2                               0x08002cb1   Thumb Code    20  main.o(i.show_task2)
    tick_list_add                            0x08002d95   Thumb Code    20  tos_tick.o(i.tick_list_add)
    tick_list_remove                         0x08002da9   Thumb Code   112  tos_tick.o(i.tick_list_remove)
    tick_update                              0x08002eb9   Thumb Code   114  tos_tick.o(i.tick_update)
    timer_init                               0x08002f35   Thumb Code     4  tos_timer.o(i.timer_init)
    timer_update                             0x08002fed   Thumb Code   118  tos_timer.o(i.timer_update)
    tos_cpu_clz                              0x0800306d   Thumb Code     4  tos_cpu.o(i.tos_cpu_clz)
    tos_cpu_cpsr_restore                     0x08003071   Thumb Code     4  tos_cpu.o(i.tos_cpu_cpsr_restore)
    tos_cpu_cpsr_save                        0x08003075   Thumb Code     4  tos_cpu.o(i.tos_cpu_cpsr_save)
    tos_knl_init                             0x08003079   Thumb Code    42  tos_sys.o(i.tos_knl_init)
    tos_knl_irq_enter                        0x080030a9   Thumb Code    22  tos_sys.o(i.tos_knl_irq_enter)
    tos_knl_irq_leave                        0x080030c9   Thumb Code    70  tos_sys.o(i.tos_knl_irq_leave)
    tos_knl_is_running                       0x08003125   Thumb Code    12  tos_sys.o(i.tos_knl_is_running)
    tos_knl_sched_lock                       0x08003135   Thumb Code    60  tos_sys.o(i.tos_knl_sched_lock)
    tos_knl_sched_unlock                     0x0800317d   Thumb Code    62  tos_sys.o(i.tos_knl_sched_unlock)
    tos_knl_start                            0x080031c9   Thumb Code    40  tos_sys.o(i.tos_knl_start)
    tos_mmheap_pool_add                      0x0800320d   Thumb Code   124  tos_mmheap.o(i.tos_mmheap_pool_add)
    tos_task_create                          0x08003291   Thumb Code   204  tos_task.o(i.tos_task_create)
    tos_task_delay                           0x08003369   Thumb Code    92  tos_task.o(i.tos_task_delay)
    tos_task_destroy                         0x080033c9   Thumb Code    54  tos_task.o(i.tos_task_destroy)
    tos_task_prio_change                     0x08003405   Thumb Code   182  tos_task.o(i.tos_task_prio_change)
    tos_task_yield                           0x080034bd   Thumb Code    46  tos_task.o(i.tos_task_yield)
    tos_tick_handler                         0x080034f1   Thumb Code    40  tos_tick.o(i.tos_tick_handler)
    AHBPrescTable                            0x0800351c   Data          16  system_stm32g4xx.o(.constdata)
    APBPrescTable                            0x0800352c   Data           8  system_stm32g4xx.o(.constdata)
    k_idle_task_stk_addr                     0x08003534   Data           4  tos_global.o(.constdata)
    k_idle_task_stk_size                     0x08003538   Data           4  tos_global.o(.constdata)
    Region$$Table$$Base                      0x0800353c   Number         0  anon$$obj.o(Region$$Table)
    Region$$Table$$Limit                     0x0800355c   Number         0  anon$$obj.o(Region$$Table)
    uwTickPrio                               0x20000000   Data           4  stm32g4xx_hal.o(.data)
    uwTickFreq                               0x20000004   Data           4  stm32g4xx_hal.o(.data)
    uwTick                                   0x20000008   Data           4  stm32g4xx_hal.o(.data)
    SystemCoreClock                          0x2000000c   Data           4  system_stm32g4xx.o(.data)
    k_irq_nest_cnt                           0x20000010   Data           1  tos_global.o(.data)
    k_sched_lock_nest_cnt                    0x20000011   Data           1  tos_global.o(.data)
    k_knl_state                              0x20000012   Data           1  tos_global.o(.data)
    k_tick_count                             0x20000018   Data           8  tos_global.o(.data)
    k_curr_task                              0x20000020   Data           4  tos_global.o(.data)
    k_next_task                              0x20000024   Data           4  tos_global.o(.data)
    k_cpu_tick_per_second                    0x20000028   Data           8  tos_global.o(.data)
    k_cpu_cycle_per_tick                     0x20000030   Data           4  tos_global.o(.data)
    k_stat_list                              0x20000034   Data           8  tos_global.o(.data)
    k_tick_list                              0x2000003c   Data           8  tos_global.o(.data)
    k_robin_default_timeslice                0x20000044   Data           4  tos_global.o(.data)
    k_timer_ctl                              0x20000048   Data          16  tos_global.o(.data)
    __stdout                                 0x20000058   Data           4  stdout.o(.data)
    led_task                                 0x20000060   Data         120  main.o(.bss)
    show_task                                0x200000d8   Data         120  main.o(.bss)
    led_task_stack                           0x20000150   Data         512  main.o(.bss)
    show_task_stack                          0x20000350   Data         512  main.o(.bss)
    hlpuart1                                 0x20000550   Data         140  usart.o(.bss)
    htim6                                    0x200005dc   Data          64  tim.o(.bss)
    k_rdyq                                   0x2000061c   Data          88  tos_global.o(.bss)
    k_idle_task                              0x20000678   Data         120  tos_global.o(.bss)
    k_idle_task_stk                          0x200006f0   Data         512  tos_global.o(.bss)
    k_mmheap_default_pool                    0x200008f0   Data         256  tos_global.o(.bss)
    k_mmheap_ctl                             0x200009f0   Data        3204  tos_global.o(.bss)
    __initial_sp                             0x20001a78   Data           0  startup_stm32g431xx.o(STACK)



==============================================================================

Memory Map of the image

  Image Entry point : 0x080001d9

  Load Region LR_IROM1 (Base: 0x08000000, Size: 0x000035b8, Max: 0x00020000, ABSOLUTE)

    Execution Region ER_IROM1 (Exec base: 0x08000000, Load base: 0x08000000, Size: 0x0000355c, Max: 0x00020000, ABSOLUTE)

    Exec Addr    Load Addr    Size         Type   Attr      Idx    E Section Name        Object

    0x08000000   0x08000000   0x000001d8   Data   RO            3    RESET               startup_stm32g431xx.o
    0x080001d8   0x080001d8   0x00000000   Code   RO         6294  * .ARM.Collect$$$$00000000  mc_w.l(entry.o)
    0x080001d8   0x080001d8   0x00000004   Code   RO         6568    .ARM.Collect$$$$00000001  mc_w.l(entry2.o)
    0x080001dc   0x080001dc   0x00000004   Code   RO         6571    .ARM.Collect$$$$00000004  mc_w.l(entry5.o)
    0x080001e0   0x080001e0   0x00000000   Code   RO         6573    .ARM.Collect$$$$00000008  mc_w.l(entry7b.o)
    0x080001e0   0x080001e0   0x00000000   Code   RO         6575    .ARM.Collect$$$$0000000A  mc_w.l(entry8b.o)
    0x080001e0   0x080001e0   0x00000008   Code   RO         6576    .ARM.Collect$$$$0000000B  mc_w.l(entry9a.o)
    0x080001e8   0x080001e8   0x00000000   Code   RO         6578    .ARM.Collect$$$$0000000D  mc_w.l(entry10a.o)
    0x080001e8   0x080001e8   0x00000000   Code   RO         6580    .ARM.Collect$$$$0000000F  mc_w.l(entry11a.o)
    0x080001e8   0x080001e8   0x00000004   Code   RO         6569    .ARM.Collect$$$$00002712  mc_w.l(entry2.o)
    0x080001ec   0x080001ec   0x00000024   Code   RO            4    .text               startup_stm32g431xx.o
    0x08000210   0x08000210   0x000000e0   Code   RO         5994    .text               port_s.o
    0x080002f0   0x080002f0   0x00000062   Code   RO         6297    .text               mc_w.l(uldiv.o)
    0x08000352   0x08000352   0x00000024   Code   RO         6301    .text               mc_w.l(memseta.o)
    0x08000376   0x08000376   0x00000018   Code   RO         6303    .text               mc_w.l(strncpy.o)
    0x0800038e   0x0800038e   0x0000001e   Code   RO         6585    .text               mc_w.l(llshl.o)
    0x080003ac   0x080003ac   0x00000020   Code   RO         6587    .text               mc_w.l(llushr.o)
    0x080003cc   0x080003cc   0x00000024   Code   RO         6600    .text               mc_w.l(init.o)
    0x080003f0   0x080003f0   0x00000002   Code   RO          476    i.BusFault_Handler  stm32g4xx_it.o
    0x080003f2   0x080003f2   0x00000002   Code   RO          477    i.DebugMon_Handler  stm32g4xx_it.o
    0x080003f4   0x080003f4   0x00000002   Code   RO           13    i.Error_Handler     main.o
    0x080003f6   0x080003f6   0x00000002   PAD
    0x080003f8   0x080003f8   0x000001b8   Code   RO          579    i.HAL_GPIO_Init     stm32g4xx_hal_gpio.o
    0x080005b0   0x080005b0   0x0000000e   Code   RO          582    i.HAL_GPIO_TogglePin  stm32g4xx_hal_gpio.o
    0x080005be   0x080005be   0x0000000a   Code   RO          583    i.HAL_GPIO_WritePin  stm32g4xx_hal_gpio.o
    0x080005c8   0x080005c8   0x0000000c   Code   RO         1124    i.HAL_GetTick       stm32g4xx_hal.o
    0x080005d4   0x080005d4   0x0000001e   Code   RO         1128    i.HAL_Init          stm32g4xx_hal.o
    0x080005f2   0x080005f2   0x00000002   PAD
    0x080005f4   0x080005f4   0x00000044   Code   RO         1129    i.HAL_InitTick      stm32g4xx_hal.o
    0x08000638   0x08000638   0x00000038   Code   RO          552    i.HAL_MspInit       stm32g4xx_hal_msp.o
    0x08000670   0x08000670   0x0000001a   Code   RO         2392    i.HAL_NVIC_EnableIRQ  stm32g4xx_hal_cortex.o
    0x0800068a   0x0800068a   0x00000002   PAD
    0x0800068c   0x0800068c   0x00000040   Code   RO         2398    i.HAL_NVIC_SetPriority  stm32g4xx_hal_cortex.o
    0x080006cc   0x080006cc   0x00000024   Code   RO         2399    i.HAL_NVIC_SetPriorityGrouping  stm32g4xx_hal_cortex.o
    0x080006f0   0x080006f0   0x000000bc   Code   RO         2148    i.HAL_PWREx_ControlVoltageScaling  stm32g4xx_hal_pwr_ex.o
    0x080007ac   0x080007ac   0x00000288   Code   RO         1473    i.HAL_RCCEx_PeriphCLKConfig  stm32g4xx_hal_rcc_ex.o
    0x08000a34   0x08000a34   0x000001dc   Code   RO         1348    i.HAL_RCC_ClockConfig  stm32g4xx_hal_rcc.o
    0x08000c10   0x08000c10   0x00000024   Code   RO         1356    i.HAL_RCC_GetPCLK1Freq  stm32g4xx_hal_rcc.o
    0x08000c34   0x08000c34   0x00000024   Code   RO         1357    i.HAL_RCC_GetPCLK2Freq  stm32g4xx_hal_rcc.o
    0x08000c58   0x08000c58   0x00000070   Code   RO         1358    i.HAL_RCC_GetSysClockFreq  stm32g4xx_hal_rcc.o
    0x08000cc8   0x08000cc8   0x0000040c   Code   RO         1361    i.HAL_RCC_OscConfig  stm32g4xx_hal_rcc.o
    0x080010d4   0x080010d4   0x00000028   Code   RO         2403    i.HAL_SYSTICK_Config  stm32g4xx_hal_cortex.o
    0x080010fc   0x080010fc   0x00000002   Code   RO         3221    i.HAL_TIMEx_Break2Callback  stm32g4xx_hal_tim_ex.o
    0x080010fe   0x080010fe   0x00000002   Code   RO         3222    i.HAL_TIMEx_BreakCallback  stm32g4xx_hal_tim_ex.o
    0x08001100   0x08001100   0x00000002   Code   RO         3223    i.HAL_TIMEx_CommutCallback  stm32g4xx_hal_tim_ex.o
    0x08001102   0x08001102   0x00000002   Code   RO         3234    i.HAL_TIMEx_DirectionChangeCallback  stm32g4xx_hal_tim_ex.o
    0x08001104   0x08001104   0x00000002   Code   RO         3248    i.HAL_TIMEx_EncoderIndexCallback  stm32g4xx_hal_tim_ex.o
    0x08001106   0x08001106   0x00000002   Code   RO         3261    i.HAL_TIMEx_IndexErrorCallback  stm32g4xx_hal_tim_ex.o
    0x08001108   0x08001108   0x00000064   Code   RO         3262    i.HAL_TIMEx_MasterConfigSynchronization  stm32g4xx_hal_tim_ex.o
    0x0800116c   0x0800116c   0x00000002   Code   RO         3283    i.HAL_TIMEx_TransitionErrorCallback  stm32g4xx_hal_tim_ex.o
    0x0800116e   0x0800116e   0x00000036   Code   RO         2524    i.HAL_TIM_Base_Init  stm32g4xx_hal_tim.o
    0x080011a4   0x080011a4   0x0000003c   Code   RO          435    i.HAL_TIM_Base_MspInit  tim.o
    0x080011e0   0x080011e0   0x00000002   Code   RO         2555    i.HAL_TIM_IC_CaptureCallback  stm32g4xx_hal_tim.o
    0x080011e2   0x080011e2   0x000001fc   Code   RO         2569    i.HAL_TIM_IRQHandler  stm32g4xx_hal_tim.o
    0x080013de   0x080013de   0x00000002   Code   RO         2572    i.HAL_TIM_OC_DelayElapsedCallback  stm32g4xx_hal_tim.o
    0x080013e0   0x080013e0   0x00000002   Code   RO         2599    i.HAL_TIM_PWM_PulseFinishedCallback  stm32g4xx_hal_tim.o
    0x080013e2   0x080013e2   0x00000002   Code   RO         2607    i.HAL_TIM_PeriodElapsedCallback  stm32g4xx_hal_tim.o
    0x080013e4   0x080013e4   0x00000002   Code   RO         2612    i.HAL_TIM_TriggerCallback  stm32g4xx_hal_tim.o
    0x080013e6   0x080013e6   0x0000003e   Code   RO         1020    i.HAL_UARTEx_DisableFifoMode  stm32g4xx_hal_uart_ex.o
    0x08001424   0x08001424   0x0000004c   Code   RO         1025    i.HAL_UARTEx_SetRxFifoThreshold  stm32g4xx_hal_uart_ex.o
    0x08001470   0x08001470   0x0000004c   Code   RO         1026    i.HAL_UARTEx_SetTxFifoThreshold  stm32g4xx_hal_uart_ex.o
    0x080014bc   0x080014bc   0x0000006a   Code   RO          668    i.HAL_UART_Init     stm32g4xx_hal_uart.o
    0x08001526   0x08001526   0x00000002   PAD
    0x08001528   0x08001528   0x00000060   Code   RO          353    i.HAL_UART_MspInit  usart.o
    0x08001588   0x08001588   0x000000bc   Code   RO          676    i.HAL_UART_Transmit  stm32g4xx_hal_uart.o
    0x08001644   0x08001644   0x00000002   Code   RO          478    i.HardFault_Handler  stm32g4xx_it.o
    0x08001646   0x08001646   0x00000002   PAD
    0x08001648   0x08001648   0x00000098   Code   RO          328    i.MX_GPIO_Init      gpio.o
    0x080016e0   0x080016e0   0x00000064   Code   RO          354    i.MX_LPUART1_UART_Init  usart.o
    0x08001744   0x08001744   0x00000048   Code   RO          436    i.MX_TIM6_Init      tim.o
    0x0800178c   0x0800178c   0x00000002   Code   RO          479    i.MemManage_Handler  stm32g4xx_it.o
    0x0800178e   0x0800178e   0x00000002   Code   RO          480    i.NMI_Handler       stm32g4xx_it.o
    0x08001790   0x08001790   0x00000002   Code   RO          481    i.SVC_Handler       stm32g4xx_it.o
    0x08001792   0x08001792   0x0000001c   Code   RO          482    i.SysTick_Handler   stm32g4xx_it.o
    0x080017ae   0x080017ae   0x0000006c   Code   RO           14    i.SystemClock_Config  main.o
    0x0800181a   0x0800181a   0x00000002   PAD
    0x0800181c   0x0800181c   0x0000001c   Code   RO         3638    i.SystemInit        system_stm32g4xx.o
    0x08001838   0x08001838   0x0000000c   Code   RO          483    i.TIM6_DAC_IRQHandler  stm32g4xx_it.o
    0x08001844   0x08001844   0x000000b0   Code   RO         2614    i.TIM_Base_SetConfig  stm32g4xx_hal_tim.o
    0x080018f4   0x080018f4   0x00000064   Code   RO         1030    i.UARTEx_SetNbDataToProcess  stm32g4xx_hal_uart_ex.o
    0x08001958   0x08001958   0x000000c8   Code   RO          681    i.UART_AdvFeatureConfig  stm32g4xx_hal_uart.o
    0x08001a20   0x08001a20   0x0000005e   Code   RO          682    i.UART_CheckIdleState  stm32g4xx_hal_uart.o
    0x08001a7e   0x08001a7e   0x00000002   PAD
    0x08001a80   0x08001a80   0x000007a6   Code   RO          699    i.UART_SetConfig    stm32g4xx_hal_uart.o
    0x08002226   0x08002226   0x00000064   Code   RO          704    i.UART_WaitOnFlagUntilTimeout  stm32g4xx_hal_uart.o
    0x0800228a   0x0800228a   0x00000002   Code   RO          484    i.UsageFault_Handler  stm32g4xx_it.o
    0x0800228c   0x0800228c   0x00000020   Code   RO         6440    i.__0printf$5       mc_w.l(printf5.o)
    0x080022ac   0x080022ac   0x00000020   Code   RO         2405    i.__NVIC_SetPriority  stm32g4xx_hal_cortex.o
    0x080022cc   0x080022cc   0x00000020   Code   RO         5952    i.__NVIC_SetPriority  port_c.o
    0x080022ec   0x080022ec   0x0000000c   Code   RO         4304    i.__fls             tos_mmheap.o
    0x080022f8   0x080022f8   0x0000000e   Code   RO         6608    i.__scatterload_copy  mc_w.l(handlers.o)
    0x08002306   0x08002306   0x00000002   Code   RO         6609    i.__scatterload_null  mc_w.l(handlers.o)
    0x08002308   0x08002308   0x0000000e   Code   RO         6610    i.__scatterload_zeroinit  mc_w.l(handlers.o)
    0x08002316   0x08002316   0x00000002   PAD
    0x08002318   0x08002318   0x000002c0   Code   RO         6447    i._printf_core      mc_w.l(printf5.o)
    0x080025d8   0x080025d8   0x00000050   Code   RO         4308    i.blk_insert        tos_mmheap.o
    0x08002628   0x08002628   0x0000000c   Code   RO         4309    i.blk_link_next     tos_mmheap.o
    0x08002634   0x08002634   0x00000010   Code   RO         4314    i.blk_next          tos_mmheap.o
    0x08002644   0x08002644   0x00000004   Code   RO         5844    i.cpu_context_switch  tos_cpu.o
    0x08002648   0x08002648   0x0000002c   Code   RO         5845    i.cpu_init          tos_cpu.o
    0x08002674   0x08002674   0x00000004   Code   RO         5846    i.cpu_irq_context_switch  tos_cpu.o
    0x08002678   0x08002678   0x00000004   Code   RO         5848    i.cpu_sched_start   tos_cpu.o
    0x0800267c   0x0800267c   0x00000014   Code   RO         5849    i.cpu_systick_init  tos_cpu.o
    0x08002690   0x08002690   0x0000006e   Code   RO         5850    i.cpu_task_stk_init  tos_cpu.o
    0x080026fe   0x080026fe   0x00000002   PAD
    0x08002700   0x08002700   0x00000018   Code   RO          355    i.fputc             usart.o
    0x08002718   0x08002718   0x00000002   Code   RO         5311    i.knl_idle_entry    tos_sys.o
    0x0800271a   0x0800271a   0x00000002   PAD
    0x0800271c   0x0800271c   0x00000038   Code   RO         5312    i.knl_idle_init     tos_sys.o
    0x08002754   0x08002754   0x00000014   Code   RO         5313    i.knl_is_idle       tos_sys.o
    0x08002768   0x08002768   0x00000010   Code   RO         5314    i.knl_is_inirq      tos_sys.o
    0x08002778   0x08002778   0x00000010   Code   RO         5315    i.knl_is_sched_locked  tos_sys.o
    0x08002788   0x08002788   0x00000014   Code   RO         5316    i.knl_is_self       tos_sys.o
    0x0800279c   0x0800279c   0x00000054   Code   RO         5317    i.knl_sched         tos_sys.o
    0x080027f0   0x080027f0   0x0000001a   Code   RO           15    i.led_task1         main.o
    0x0800280a   0x0800280a   0x00000002   PAD
    0x0800280c   0x0800280c   0x00000084   Code   RO           16    i.main              main.o
    0x08002890   0x08002890   0x0000002c   Code   RO         4318    i.mapping_insert    tos_mmheap.o
    0x080028bc   0x080028bc   0x0000004c   Code   RO         4319    i.mmheap_ctl_init   tos_mmheap.o
    0x08002908   0x08002908   0x00000016   Code   RO         4321    i.mmheap_init_with_pool  tos_mmheap.o
    0x0800291e   0x0800291e   0x00000002   PAD
    0x08002920   0x08002920   0x00000028   Code   RO         4322    i.mmheap_pool_is_exist  tos_mmheap.o
    0x08002948   0x08002948   0x0000003e   Code   RO         4483    i.mutex_old_owner_release  tos_mutex.o
    0x08002986   0x08002986   0x00000014   Code   RO         4484    i.mutex_release     tos_mutex.o
    0x0800299a   0x0800299a   0x00000014   Code   RO         4595    i.pend_highest_pending_prio_get  tos_pend.o
    0x080029ae   0x080029ae   0x0000003e   Code   RO         4598    i.pend_list_add     tos_pend.o
    0x080029ec   0x080029ec   0x0000000e   Code   RO         4599    i.pend_list_adjust  tos_pend.o
    0x080029fa   0x080029fa   0x00000018   Code   RO         4600    i.pend_list_remove  tos_pend.o
    0x08002a12   0x08002a12   0x00000038   Code   RO         4605    i.pend_task_wakeup  tos_pend.o
    0x08002a4a   0x08002a4a   0x00000024   Code   RO         4607    i.pend_wakeup_all   tos_pend.o
    0x08002a6e   0x08002a6e   0x00000022   Code   RO         5954    i.port_systick_config  port_c.o
    0x08002a90   0x08002a90   0x0000000a   Code   RO         5955    i.port_systick_priority_set  port_c.o
    0x08002a9a   0x08002a9a   0x00000002   PAD
    0x08002a9c   0x08002a9c   0x0000001c   Code   RO         5057    i.readyqueue_add    tos_sched.o
    0x08002ab8   0x08002ab8   0x0000002c   Code   RO         5058    i.readyqueue_add_head  tos_sched.o
    0x08002ae4   0x08002ae4   0x0000002c   Code   RO         5059    i.readyqueue_add_tail  tos_sched.o
    0x08002b10   0x08002b10   0x00000018   Code   RO         5060    i.readyqueue_first_task_get  tos_sched.o
    0x08002b28   0x08002b28   0x00000014   Code   RO         5061    i.readyqueue_highest_ready_task_get  tos_sched.o
    0x08002b3c   0x08002b3c   0x00000034   Code   RO         5062    i.readyqueue_init   tos_sched.o
    0x08002b70   0x08002b70   0x0000001c   Code   RO         5063    i.readyqueue_is_prio_onlyone  tos_sched.o
    0x08002b8c   0x08002b8c   0x00000024   Code   RO         5064    i.readyqueue_move_head_to_tail  tos_sched.o
    0x08002bb0   0x08002bb0   0x00000030   Code   RO         5065    i.readyqueue_prio_mark  tos_sched.o
    0x08002be0   0x08002be0   0x00000060   Code   RO         5066    i.readyqueue_remove  tos_sched.o
    0x08002c40   0x08002c40   0x00000070   Code   RO         4937    i.robin_sched       tos_robin.o
    0x08002cb0   0x08002cb0   0x00000034   Code   RO           17    i.show_task2        main.o
    0x08002ce4   0x08002ce4   0x00000082   Code   RO         5413    i.task_do_destroy   tos_task.o
    0x08002d66   0x08002d66   0x00000006   Code   RO         5414    i.task_exit         tos_task.o
    0x08002d6c   0x08002d6c   0x00000028   Code   RO         5415    i.task_reset        tos_task.o
    0x08002d94   0x08002d94   0x00000014   Code   RO         5556    i.tick_list_add     tos_tick.o
    0x08002da8   0x08002da8   0x00000074   Code   RO         5557    i.tick_list_remove  tos_tick.o
    0x08002e1c   0x08002e1c   0x0000009c   Code   RO         5559    i.tick_task_place   tos_tick.o
    0x08002eb8   0x08002eb8   0x0000007c   Code   RO         5560    i.tick_update       tos_tick.o
    0x08002f34   0x08002f34   0x00000004   Code   RO         5718    i.timer_init        tos_timer.o
    0x08002f38   0x08002f38   0x0000006c   Code   RO         5720    i.timer_place       tos_timer.o
    0x08002fa4   0x08002fa4   0x00000048   Code   RO         5721    i.timer_takeoff     tos_timer.o
    0x08002fec   0x08002fec   0x00000080   Code   RO         5722    i.timer_update      tos_timer.o
    0x0800306c   0x0800306c   0x00000004   Code   RO         5851    i.tos_cpu_clz       tos_cpu.o
    0x08003070   0x08003070   0x00000004   Code   RO         5852    i.tos_cpu_cpsr_restore  tos_cpu.o
    0x08003074   0x08003074   0x00000004   Code   RO         5853    i.tos_cpu_cpsr_save  tos_cpu.o
    0x08003078   0x08003078   0x00000030   Code   RO         5318    i.tos_knl_init      tos_sys.o
    0x080030a8   0x080030a8   0x00000020   Code   RO         5319    i.tos_knl_irq_enter  tos_sys.o
    0x080030c8   0x080030c8   0x0000005c   Code   RO         5320    i.tos_knl_irq_leave  tos_sys.o
    0x08003124   0x08003124   0x00000010   Code   RO         5321    i.tos_knl_is_running  tos_sys.o
    0x08003134   0x08003134   0x00000048   Code   RO         5322    i.tos_knl_sched_lock  tos_sys.o
    0x0800317c   0x0800317c   0x0000004c   Code   RO         5323    i.tos_knl_sched_unlock  tos_sys.o
    0x080031c8   0x080031c8   0x00000034   Code   RO         5324    i.tos_knl_start     tos_sys.o
    0x080031fc   0x080031fc   0x0000000e   Code   RO         5561    i.tos_list_empty    tos_tick.o
    0x0800320a   0x0800320a   0x00000002   PAD
    0x0800320c   0x0800320c   0x00000084   Code   RO         4329    i.tos_mmheap_pool_add  tos_mmheap.o
    0x08003290   0x08003290   0x000000d8   Code   RO         5416    i.tos_task_create   tos_task.o
    0x08003368   0x08003368   0x00000060   Code   RO         5418    i.tos_task_delay    tos_task.o
    0x080033c8   0x080033c8   0x0000003c   Code   RO         5420    i.tos_task_destroy  tos_task.o
    0x08003404   0x08003404   0x000000b6   Code   RO         5422    i.tos_task_prio_change  tos_task.o
    0x080034ba   0x080034ba   0x00000002   PAD
    0x080034bc   0x080034bc   0x00000034   Code   RO         5426    i.tos_task_yield    tos_task.o
    0x080034f0   0x080034f0   0x0000002c   Code   RO         5562    i.tos_tick_handler  tos_tick.o
    0x0800351c   0x0800351c   0x00000010   Data   RO         3639    .constdata          system_stm32g4xx.o
    0x0800352c   0x0800352c   0x00000008   Data   RO         3640    .constdata          system_stm32g4xx.o
    0x08003534   0x08003534   0x00000004   Data   RO         4188    .constdata          tos_global.o
    0x08003538   0x08003538   0x00000004   Data   RO         4189    .constdata          tos_global.o
    0x0800353c   0x0800353c   0x00000020   Data   RO         6606    Region$$Table       anon$$obj.o


    Execution Region RW_IRAM1 (Exec base: 0x20000000, Load base: 0x0800355c, Size: 0x00001a78, Max: 0x00008000, ABSOLUTE)

    Exec Addr    Load Addr    Size         Type   Attr      Idx    E Section Name        Object

    0x20000000   0x0800355c   0x0000000c   Data   RW         1148    .data               stm32g4xx_hal.o
    0x2000000c   0x08003568   0x00000004   Data   RW         3641    .data               system_stm32g4xx.o
    0x20000010   0x0800356c   0x00000001   Data   RW         4190    .data               tos_global.o
    0x20000011   0x0800356d   0x00000001   Data   RW         4191    .data               tos_global.o
    0x20000012   0x0800356e   0x00000001   Data   RW         4192    .data               tos_global.o
    0x20000013   0x0800356f   0x00000005   PAD
    0x20000018   0x08003574   0x00000008   Data   RW         4193    .data               tos_global.o
    0x20000020   0x0800357c   0x00000004   Data   RW         4194    .data               tos_global.o
    0x20000024   0x08003580   0x00000004   Data   RW         4195    .data               tos_global.o
    0x20000028   0x08003584   0x00000008   Data   RW         4196    .data               tos_global.o
    0x20000030   0x0800358c   0x00000004   Data   RW         4197    .data               tos_global.o
    0x20000034   0x08003590   0x00000008   Data   RW         4198    .data               tos_global.o
    0x2000003c   0x08003598   0x00000008   Data   RW         4199    .data               tos_global.o
    0x20000044   0x080035a0   0x00000004   Data   RW         4200    .data               tos_global.o
    0x20000048   0x080035a4   0x00000010   Data   RW         4201    .data               tos_global.o
    0x20000058   0x080035b4   0x00000004   Data   RW         6582    .data               mc_w.l(stdout.o)
    0x2000005c   0x080035b8   0x00000004   PAD
    0x20000060        -       0x000004f0   Zero   RW           18    .bss                main.o
    0x20000550        -       0x0000008c   Zero   RW          356    .bss                usart.o
    0x200005dc        -       0x00000040   Zero   RW          437    .bss                tim.o
    0x2000061c        -       0x00000058   Zero   RW         4183    .bss                tos_global.o
    0x20000674   0x080035b8   0x00000004   PAD
    0x20000678        -       0x00000078   Zero   RW         4184    .bss                tos_global.o
    0x200006f0        -       0x00000200   Zero   RW         4185    .bss                tos_global.o
    0x200008f0        -       0x00000100   Zero   RW         4186    .bss                tos_global.o
    0x200009f0        -       0x00000c84   Zero   RW         4187    .bss                tos_global.o
    0x20001674   0x080035b8   0x00000004   PAD
    0x20001678        -       0x00000400   Zero   RW            1    STACK               startup_stm32g431xx.o


==============================================================================

Image component sizes


      Code (inc. data)   RO Data    RW Data    ZI Data      Debug   Object Name

       152         14          0          0          0        947   gpio.o
       320         74          0          0       1264     653017   main.o
        76          0          0          0          0      31917   port_c.o
       224         10          0          0          0        360   port_s.o
        36          8        472          0       1024        824   startup_stm32g431xx.o
       110         16          0         12          0       3119   stm32g4xx_hal.o
       198         14          0          0          0      33887   stm32g4xx_hal_cortex.o
       464         34          0          0          0       2989   stm32g4xx_hal_gpio.o
        56          8          0          0          0        926   stm32g4xx_hal_msp.o
       188         14          0          0          0        830   stm32g4xx_hal_pwr_ex.o
      1696         92          0          0          0       5920   stm32g4xx_hal_rcc.o
       648         10          0          0          0       1856   stm32g4xx_hal_rcc_ex.o
       748         30          0          0          0       6693   stm32g4xx_hal_tim.o
       114         12          0          0          0       5260   stm32g4xx_hal_tim_ex.o
      2646         60          0          0          0       7385   stm32g4xx_hal_uart.o
       314         18          0          0          0       3593   stm32g4xx_hal_uart_ex.o
        54          6          0          0          0       4167   stm32g4xx_it.o
         0          0          0          0          0       7508   sys.o
        28          6         24          4          0       1131   system_stm32g4xx.o
       132         20          0          0         64       1562   tim.o
       198         14          0          0          0       5371   tos_cpu.o
         0          0          8         67       4180       1457   tos_global.o
       434         24          0          0          0       8609   tos_mmheap.o
        82          0          0          0          0       8172   tos_mutex.o
       212          0          0          0          0      10609   tos_pend.o
       112         10          0          0          0       1022   tos_robin.o
       420         50          0          0          0      13417   tos_sched.o
       602        142          0          0          0       8269   tos_sys.o
       782         28          0          0          0      10647   tos_task.o
       474         24          0          0          0      10708   tos_tick.o
       312         22          0          0          0       6972   tos_timer.o
       220         24          0          0        140       3505   usart.o

    ----------------------------------------------------------------------
     12080        784        536         88       6680     862649   Object Totals
         0          0         32          0          0          0   (incl. Generated)
        28          0          0          5          8          0   (incl. Padding)

    ----------------------------------------------------------------------

      Code (inc. data)   RO Data    RW Data    ZI Data      Debug   Library Member Name

         0          0          0          0          0          0   entry.o
         0          0          0          0          0          0   entry10a.o
         0          0          0          0          0          0   entry11a.o
         8          4          0          0          0          0   entry2.o
         4          0          0          0          0          0   entry5.o
         0          0          0          0          0          0   entry7b.o
         0          0          0          0          0          0   entry8b.o
         8          4          0          0          0          0   entry9a.o
        30          0          0          0          0          0   handlers.o
        36          8          0          0          0         68   init.o
        30          0          0          0          0         68   llshl.o
        32          0          0          0          0         68   llushr.o
        36          0          0          0          0        108   memseta.o
       736         56          0          0          0        184   printf5.o
         0          0          0          4          0          0   stdout.o
        24          0          0          0          0         76   strncpy.o
        98          0          0          0          0         92   uldiv.o

    ----------------------------------------------------------------------
      1044         72          0          4          4        664   Library Totals
         2          0          0          0          4          0   (incl. Padding)

    ----------------------------------------------------------------------

      Code (inc. data)   RO Data    RW Data    ZI Data      Debug   Library Name

      1042         72          0          4          0        664   mc_w.l

    ----------------------------------------------------------------------
      1044         72          0          4          4        664   Library Totals

    ----------------------------------------------------------------------

==============================================================================


      Code (inc. data)   RO Data    RW Data    ZI Data      Debug   

     13124        856        536         92       6684     850257   Grand Totals
     13124        856        536         92       6684     850257   ELF Image Totals
     13124        856        536         92          0          0   ROM Totals

==============================================================================

    Total RO  Size (Code + RO Data)                13660 (  13.34kB)
    Total RW  Size (RW Data + ZI Data)              6776 (   6.62kB)
    Total ROM Size (Code + RO Data + RW Data)      13752 (  13.43kB)

==============================================================================

